Archive member included to satisfy reference by file (symbol)

/usr/local/mcuxpressoide-10.2.1_795/ide/tools/bin/../lib/gcc/arm-none-eabi/7.2.1/../../../../arm-none-eabi/lib/thumb/v7e-m/fpv4-sp/hard/libcr_nohost_nf.a(_cr__main.o)
                              ./startup/startup_mk64f12.o (__main)
/usr/local/mcuxpressoide-10.2.1_795/ide/tools/bin/../lib/gcc/arm-none-eabi/7.2.1/../../../../arm-none-eabi/lib/thumb/v7e-m/fpv4-sp/hard/libcr_nohost_nf.a(_cr_assert.o)
                              ./utilities/fsl_debug_console.o (__assertion_failed)
/usr/local/mcuxpressoide-10.2.1_795/ide/tools/bin/../lib/gcc/arm-none-eabi/7.2.1/../../../../arm-none-eabi/lib/thumb/v7e-m/fpv4-sp/hard/libcr_nohost_nf.a(__ciob.o)
                              /usr/local/mcuxpressoide-10.2.1_795/ide/tools/bin/../lib/gcc/arm-none-eabi/7.2.1/../../../../arm-none-eabi/lib/thumb/v7e-m/fpv4-sp/hard/libcr_nohost_nf.a(_cr_assert.o) (__Ciob)
/usr/local/mcuxpressoide-10.2.1_795/ide/tools/bin/../lib/gcc/arm-none-eabi/7.2.1/../../../../arm-none-eabi/lib/thumb/v7e-m/fpv4-sp/hard/libcr_nohost_nf.a(__sys_appexit.o)
                              /usr/local/mcuxpressoide-10.2.1_795/ide/tools/bin/../lib/gcc/arm-none-eabi/7.2.1/../../../../arm-none-eabi/lib/thumb/v7e-m/fpv4-sp/hard/libcr_nohost_nf.a(_cr_assert.o) (__sys_appexit)
/usr/local/mcuxpressoide-10.2.1_795/ide/tools/bin/../lib/gcc/arm-none-eabi/7.2.1/../../../../arm-none-eabi/lib/thumb/v7e-m/fpv4-sp/hard/libcr_c.a(memcpy.o)
                              ./drivers/fsl_ftfx_cache.o (memcpy)
/usr/local/mcuxpressoide-10.2.1_795/ide/tools/bin/../lib/gcc/arm-none-eabi/7.2.1/../../../../arm-none-eabi/lib/thumb/v7e-m/fpv4-sp/hard/libcr_c.a(memset.o)
                              ./utilities/fsl_debug_console.o (memset)
/usr/local/mcuxpressoide-10.2.1_795/ide/tools/bin/../lib/gcc/arm-none-eabi/7.2.1/../../../../arm-none-eabi/lib/thumb/v7e-m/fpv4-sp/hard/libcr_c.a(_deferredlazyseek.o)
                              /usr/local/mcuxpressoide-10.2.1_795/ide/tools/bin/../lib/gcc/arm-none-eabi/7.2.1/../../../../arm-none-eabi/lib/thumb/v7e-m/fpv4-sp/hard/libcr_nohost_nf.a(_cr_assert.o) (__flsbuf)
/usr/local/mcuxpressoide-10.2.1_795/ide/tools/bin/../lib/gcc/arm-none-eabi/7.2.1/../../../../arm-none-eabi/lib/thumb/v7e-m/fpv4-sp/hard/libcr_c.a(_fflush.o)
                              /usr/local/mcuxpressoide-10.2.1_795/ide/tools/bin/../lib/gcc/arm-none-eabi/7.2.1/../../../../arm-none-eabi/lib/thumb/v7e-m/fpv4-sp/hard/libcr_c.a(_deferredlazyseek.o) (_fflush)
/usr/local/mcuxpressoide-10.2.1_795/ide/tools/bin/../lib/gcc/arm-none-eabi/7.2.1/../../../../arm-none-eabi/lib/thumb/v7e-m/fpv4-sp/hard/libcr_c.a(_writebuf.o)
                              /usr/local/mcuxpressoide-10.2.1_795/ide/tools/bin/../lib/gcc/arm-none-eabi/7.2.1/../../../../arm-none-eabi/lib/thumb/v7e-m/fpv4-sp/hard/libcr_c.a(_deferredlazyseek.o) (_Cwritebuf)
/usr/local/mcuxpressoide-10.2.1_795/ide/tools/bin/../lib/gcc/arm-none-eabi/7.2.1/../../../../arm-none-eabi/lib/thumb/v7e-m/fpv4-sp/hard/libcr_c.a(alloc.o)
                              ./drivers/fsl_common.o (malloc)
/usr/local/mcuxpressoide-10.2.1_795/ide/tools/bin/../lib/gcc/arm-none-eabi/7.2.1/../../../../arm-none-eabi/lib/thumb/v7e-m/fpv4-sp/hard/libcr_c.a(fputs.o)
                              /usr/local/mcuxpressoide-10.2.1_795/ide/tools/bin/../lib/gcc/arm-none-eabi/7.2.1/../../../../arm-none-eabi/lib/thumb/v7e-m/fpv4-sp/hard/libcr_nohost_nf.a(_cr_assert.o) (fputs)
/usr/local/mcuxpressoide-10.2.1_795/ide/tools/bin/../lib/gcc/arm-none-eabi/7.2.1/../../../../arm-none-eabi/lib/thumb/v7e-m/fpv4-sp/hard/libcr_c.a(fseek.o)
                              /usr/local/mcuxpressoide-10.2.1_795/ide/tools/bin/../lib/gcc/arm-none-eabi/7.2.1/../../../../arm-none-eabi/lib/thumb/v7e-m/fpv4-sp/hard/libcr_c.a(_deferredlazyseek.o) (fseek)
/usr/local/mcuxpressoide-10.2.1_795/ide/tools/bin/../lib/gcc/arm-none-eabi/7.2.1/../../../../arm-none-eabi/lib/thumb/v7e-m/fpv4-sp/hard/libcr_c.a(ftell.o)
                              /usr/local/mcuxpressoide-10.2.1_795/ide/tools/bin/../lib/gcc/arm-none-eabi/7.2.1/../../../../arm-none-eabi/lib/thumb/v7e-m/fpv4-sp/hard/libcr_c.a(fseek.o) (ftell)
/usr/local/mcuxpressoide-10.2.1_795/ide/tools/bin/../lib/gcc/arm-none-eabi/7.2.1/../../../../arm-none-eabi/lib/thumb/v7e-m/fpv4-sp/hard/libcr_c.a(initio.o)
                              /usr/local/mcuxpressoide-10.2.1_795/ide/tools/bin/../lib/gcc/arm-none-eabi/7.2.1/../../../../arm-none-eabi/lib/thumb/v7e-m/fpv4-sp/hard/libcr_nohost_nf.a(_cr__main.o) (_initio)
/usr/local/mcuxpressoide-10.2.1_795/ide/tools/bin/../lib/gcc/arm-none-eabi/7.2.1/../../../../arm-none-eabi/lib/thumb/v7e-m/fpv4-sp/hard/libcr_c.a(setvbuf.o)
                              /usr/local/mcuxpressoide-10.2.1_795/ide/tools/bin/../lib/gcc/arm-none-eabi/7.2.1/../../../../arm-none-eabi/lib/thumb/v7e-m/fpv4-sp/hard/libcr_c.a(initio.o) (setvbuf)
[...]
Memory Configuration

Name             Origin             Length             Attributes
PROGRAM_FLASH    0x0000000000000000 0x0000000000100000 xr
SRAM_UPPER       0x0000000020000000 0x0000000000030000 xrw
SRAM_LOWER       0x000000001fff0000 0x0000000000010000 xrw
FLEX_RAM         0x0000000014000000 0x0000000000001000 xrw
*default*        0x0000000000000000 0xffffffffffffffff

Linker script and memory map

LOAD ./utilities/fsl_debug_console.o
LOAD ./utilities/fsl_io.o
LOAD ./utilities/fsl_log.o
LOAD ./utilities/fsl_str.o
LOAD ./startup/startup_mk64f12.o
LOAD ./source/180905_Producer-Consumer.o
LOAD ./source/semihost_hardfault.o
LOAD ./drivers/fsl_adc16.o
LOAD ./drivers/fsl_clock.o
LOAD ./drivers/fsl_common.o
LOAD ./drivers/fsl_dspi.o
LOAD ./drivers/fsl_ftfx_cache.o
LOAD ./drivers/fsl_ftfx_controller.o
LOAD ./drivers/fsl_ftfx_flash.o
LOAD ./drivers/fsl_ftfx_flexnvm.o
LOAD ./drivers/fsl_gpio.o
LOAD ./drivers/fsl_i2c.o
LOAD ./drivers/fsl_rtc.o
LOAD ./drivers/fsl_smc.o
LOAD ./drivers/fsl_uart.o
LOAD ./board/board.o
LOAD ./board/clock_config.o
LOAD ./board/peripherals.o
LOAD ./board/pin_mux.o
LOAD ./amazon-freertos/portable/fsl_tickless_systick.o
LOAD ./amazon-freertos/portable/heap_4.o
LOAD ./amazon-freertos/FreeRTOS/portable/port.o
LOAD ./amazon-freertos/FreeRTOS/event_groups.o
LOAD ./amazon-freertos/FreeRTOS/list.o
LOAD ./amazon-freertos/FreeRTOS/queue.o
LOAD ./amazon-freertos/FreeRTOS/stream_buffer.o
LOAD ./amazon-freertos/FreeRTOS/tasks.o
LOAD ./amazon-freertos/FreeRTOS/timers.o
LOAD ./CMSIS/system_MK64F12.o
START GROUP
LOAD /usr/local/mcuxpressoide-10.2.1_795/ide/tools/bin/../lib/gcc/arm-none-eabi/7.2.1/../../../../arm-none-eabi/lib/thumb/v7e-m/fpv4-sp/hard/libcr_nohost_nf.a
LOAD /usr/local/mcuxpressoide-10.2.1_795/ide/tools/bin/../lib/gcc/arm-none-eabi/7.2.1/../../../../arm-none-eabi/lib/thumb/v7e-m/fpv4-sp/hard/libcr_c.a
LOAD /usr/local/mcuxpressoide-10.2.1_795/ide/tools/bin/../lib/gcc/arm-none-eabi/7.2.1/thumb/v7e-m/fpv4-sp/hard/libcr_eabihelpers.a
END GROUP
                0x0000000000000000                __base_PROGRAM_FLASH = 0x0
                0x0000000000000000                __base_Flash = 0x0
                0x0000000000100000                __top_PROGRAM_FLASH = 0x100000
                0x0000000000100000                __top_Flash = 0x100000
                0x0000000020000000                __base_SRAM_UPPER = 0x20000000
                0x0000000020000000                __base_RAM = 0x20000000
                0x0000000020030000                __top_SRAM_UPPER = 0x20030000
                0x0000000020030000                __top_RAM = 0x20030000
                0x000000001fff0000                __base_SRAM_LOWER = 0x1fff0000
                0x000000001fff0000                __base_RAM2 = 0x1fff0000
                0x0000000020000000                __top_SRAM_LOWER = 0x20000000
                0x0000000020000000                __top_RAM2 = 0x20000000
                0x0000000014000000                __base_FLEX_RAM = 0x14000000
                0x0000000014000000                __base_RAM3 = 0x14000000
                0x0000000014001000                __top_FLEX_RAM = 0x14001000
                0x0000000014001000                __top_RAM3 = 0x14001000

.text           0x0000000000000000     0x6868
 FILL mask 0xff
                0x0000000000000000                __vectors_start__ = ABSOLUTE (.)
 *(SORT_BY_ALIGNMENT(.isr_vector))
 .isr_vector    0x0000000000000000      0x198 ./startup/startup_mk64f12.o
                0x0000000000000000                __Vectors
                0x0000000000000000                g_pfnVectors
                0x0000000000000198                . = ALIGN (0x4)
                0x0000000000000198                __section_table_start = .
                0x0000000000000198                __data_section_table = .
                0x0000000000000198        0x4 LONG 0x6868 LOADADDR (.data)
                0x000000000000019c        0x4 LONG 0x20000000 ADDR (.data)
                0x00000000000001a0        0x4 LONG 0xf8 SIZEOF (.data)
                0x00000000000001a4        0x4 LONG 0x6868 LOADADDR (.data_RAM2)
                0x00000000000001a8        0x4 LONG 0x1fff0000 ADDR (.data_RAM2)
                0x00000000000001ac        0x4 LONG 0x0 SIZEOF (.data_RAM2)
                0x00000000000001b0        0x4 LONG 0x6868 LOADADDR (.data_RAM3)
                0x00000000000001b4        0x4 LONG 0x14000000 ADDR (.data_RAM3)
                0x00000000000001b8        0x4 LONG 0x0 SIZEOF (.data_RAM3)
                0x00000000000001bc                __data_section_table_end = .
                0x00000000000001bc                __bss_section_table = .
                0x00000000000001bc        0x4 LONG 0x200000f8 ADDR (.bss)
                0x00000000000001c0        0x4 LONG 0x2ad0 SIZEOF (.bss)
                0x00000000000001c4        0x4 LONG 0x1fff0000 ADDR (.bss_RAM2)
                0x00000000000001c8        0x4 LONG 0x0 SIZEOF (.bss_RAM2)
                0x00000000000001cc        0x4 LONG 0x14000000 ADDR (.bss_RAM3)
                0x00000000000001d0        0x4 LONG 0x0 SIZEOF (.bss_RAM3)
                0x00000000000001d4                __bss_section_table_end = .
                0x00000000000001d4                __section_table_end = .
 *(SORT_BY_ALIGNMENT(.after_vectors*))
 .after_vectors.reset
                0x00000000000001d4       0x4c ./startup/startup_mk64f12.o
                0x00000000000001d4                ResetISR
 .after_vectors.init_data
                0x0000000000000220       0x1e ./startup/startup_mk64f12.o
                0x0000000000000220                data_init
 .after_vectors.init_bss
                0x000000000000023e       0x12 ./startup/startup_mk64f12.o
                0x000000000000023e                bss_init
 .after_vectors
                0x0000000000000250       0x14 ./startup/startup_mk64f12.o
                0x0000000000000250                NMI_Handler
                0x0000000000000254                MemManage_Handler
                0x0000000000000256                BusFault_Handler
                0x0000000000000258                UsageFault_Handler
                0x000000000000025c                DebugMon_Handler
                0x0000000000000262                DMA0_DriverIRQHandler
                0x0000000000000262                PORTB_DriverIRQHandler
                0x0000000000000262                DMA12_DriverIRQHandler
                0x0000000000000262                LPTMR0_DriverIRQHandler
                0x0000000000000262                DMA_Error_DriverIRQHandler
                0x0000000000000262                FTM1_DriverIRQHandler
                0x0000000000000262                FTM2_DriverIRQHandler
                0x0000000000000262                PIT2_DriverIRQHandler
                0x0000000000000262                SDHC_DriverIRQHandler
                0x0000000000000262                I2S0_Tx_DriverIRQHandler
                0x0000000000000262                RTC_Seconds_DriverIRQHandler
                0x0000000000000262                DMA6_DriverIRQHandler
                0x0000000000000262                LLWU_DriverIRQHandler
                0x0000000000000262                MCM_DriverIRQHandler
                0x0000000000000262                MCG_DriverIRQHandler
                0x0000000000000262                ENET_1588_Timer_DriverIRQHandler
                0x0000000000000262                DAC1_DriverIRQHandler
                0x0000000000000262                CMP1_DriverIRQHandler
                0x0000000000000262                FTM0_DriverIRQHandler
                0x0000000000000262                IntDefaultHandler
                0x0000000000000262                USB0_DriverIRQHandler
                0x0000000000000262                UART5_ERR_DriverIRQHandler
                0x0000000000000262                PORTC_DriverIRQHandler
                0x0000000000000262                DMA11_DriverIRQHandler
                0x0000000000000262                DAC0_DriverIRQHandler
                0x0000000000000262                DMA10_DriverIRQHandler
                0x0000000000000262                CMP2_DriverIRQHandler
                0x0000000000000262                UART2_ERR_DriverIRQHandler
                0x0000000000000262                LVD_LVW_DriverIRQHandler
                0x0000000000000262                PIT0_DriverIRQHandler
                0x0000000000000262                RNG_DriverIRQHandler
                0x0000000000000262                DMA5_DriverIRQHandler
                0x0000000000000262                DMA4_DriverIRQHandler
                0x0000000000000262                USBDCD_DriverIRQHandler
                0x0000000000000262                UART3_ERR_DriverIRQHandler
                0x0000000000000262                DMA3_DriverIRQHandler
                0x0000000000000262                DMA8_DriverIRQHandler
                0x0000000000000262                DMA9_DriverIRQHandler
                0x0000000000000262                UART0_ERR_DriverIRQHandler
                0x0000000000000262                CMT_DriverIRQHandler
                0x0000000000000262                Reserved71_DriverIRQHandler
                0x0000000000000262                ADC1_DriverIRQHandler
                0x0000000000000262                PORTA_DriverIRQHandler
                0x0000000000000262                DMA14_DriverIRQHandler
                0x0000000000000262                PIT3_DriverIRQHandler
                0x0000000000000262                PIT1_DriverIRQHandler
                0x0000000000000262                WDOG_EWM_DriverIRQHandler
                0x0000000000000262                PDB0_DriverIRQHandler
                0x0000000000000262                RTC_DriverIRQHandler
                0x0000000000000262                I2S0_Rx_DriverIRQHandler
                0x0000000000000262                Read_Collision_DriverIRQHandler
                0x0000000000000262                SWI_DriverIRQHandler
                0x0000000000000262                UART4_ERR_DriverIRQHandler
                0x0000000000000262                UART0_LON_DriverIRQHandler
                0x0000000000000262                DMA1_DriverIRQHandler
                0x0000000000000262                ENET_Receive_DriverIRQHandler
                0x0000000000000262                DMA13_DriverIRQHandler
                0x0000000000000262                ENET_Error_DriverIRQHandler
                0x0000000000000262                DMA15_DriverIRQHandler
                0x0000000000000262                ADC0_DriverIRQHandler
                0x0000000000000262                CMP0_DriverIRQHandler
                0x0000000000000262                CAN0_DriverIRQHandler
                0x0000000000000262                FTM3_DriverIRQHandler
                0x0000000000000262                UART1_ERR_DriverIRQHandler
                0x0000000000000262                DMA2_DriverIRQHandler
                0x0000000000000262                ENET_Transmit_DriverIRQHandler
                0x0000000000000262                PORTD_DriverIRQHandler
                0x0000000000000262                PORTE_DriverIRQHandler
                0x0000000000000262                FTFE_DriverIRQHandler
                0x0000000000000262                DMA7_DriverIRQHandler
                0x0000000000000400                . = 0x400
 *fill*         0x0000000000000264      0x19c ff
                0x0000000000000400                PROVIDE (__FLASH_CONFIG_START__, .)
 *(SORT_BY_ALIGNMENT(.FlashConfig))
 .FlashConfig   0x0000000000000400       0x10 ./startup/startup_mk64f12.o
                0x0000000000000400                Flash_Config
                0x0000000000000410                PROVIDE (__FLASH_CONFIG_END__, .)
                0x0000000000000001                ASSERT (! ((__FLASH_CONFIG_START__ == __FLASH_CONFIG_END__)), Linker Flash Config Support Enabled, but no .FlashConfig section provided within application)
 *(SORT_BY_ALIGNMENT(.text*))
 .text.SVC_Handler
                0x0000000000000410       0x28 ./amazon-freertos/FreeRTOS/portable/port.o
                0x0000000000000410                SVC_Handler
 *fill*         0x0000000000000438        0x8 ff
 .text.PendSV_Handler
                0x0000000000000440       0x68 ./amazon-freertos/FreeRTOS/portable/port.o
                0x0000000000000440                PendSV_Handler
 .text.DbgConsole_Init
                0x00000000000004a8       0x38 ./utilities/fsl_debug_console.o
                0x00000000000004a8                DbgConsole_Init
 .text.DbgConsole_Printf
                0x00000000000004e0       0x64 ./utilities/fsl_debug_console.o
                0x00000000000004e0                DbgConsole_Printf
 .text.IO_Init  0x0000000000000544       0x80 ./utilities/fsl_io.o
                0x0000000000000544                IO_Init
 .text.IO_Transfer
                0x00000000000005c4       0x5c ./utilities/fsl_io.o
                0x00000000000005c4                IO_Transfer
 .text.LOG_Push
                0x0000000000000620       0x2c ./utilities/fsl_log.o
                0x0000000000000620                LOG_Push
 .text.task_producer
                0x000000000000064c       0x94 ./source/180905_Producer-Consumer.o
                0x000000000000064c                task_producer
 .text.task_consumer
                0x00000000000006e0       0x90 ./source/180905_Producer-Consumer.o
                0x00000000000006e0                task_consumer
 .text.task_supervisor
                0x0000000000000770       0x9c ./source/180905_Producer-Consumer.o
                0x0000000000000770                task_supervisor
 .text.task_printer
                0x000000000000080c       0xc0 ./source/180905_Producer-Consumer.o
                0x000000000000080c                task_printer
 .text.task_timer
                0x00000000000008cc       0x6c ./source/180905_Producer-Consumer.o
                0x00000000000008cc                task_timer
 .text.main     0x0000000000000938       0xf8 ./source/180905_Producer-Consumer.o
                0x0000000000000938                main
 .text.CLOCK_SetEr32kClock
                0x0000000000000a30       0x30 ./drivers/fsl_clock.o
 .text.CLOCK_SetPllFllSelClock
                0x0000000000000a60       0x3c ./drivers/fsl_clock.o
 .text.CLOCK_GetMcgExtClkFreq
                0x0000000000000a9c       0x78 ./drivers/fsl_clock.o
 .text.CLOCK_GetFllExtRefClkFreq
                0x0000000000000b14       0xd0 ./drivers/fsl_clock.o
 .text.CLOCK_GetInternalRefClkSelectFreq
                0x0000000000000be4       0x44 ./drivers/fsl_clock.o
 .text.CLOCK_GetFllRefClkFreq
                0x0000000000000c28       0x2c ./drivers/fsl_clock.o
 .text.CLOCK_GetCoreSysClkFreq
                0x0000000000000c54       0x28 ./drivers/fsl_clock.o
                0x0000000000000c54                CLOCK_GetCoreSysClkFreq
 .text.CLOCK_SetSimConfig
                0x0000000000000c7c       0x38 ./drivers/fsl_clock.o
                0x0000000000000c7c                CLOCK_SetSimConfig
 .text.CLOCK_GetOutClkFreq
                0x0000000000000cb4       0x64 ./drivers/fsl_clock.o
                0x0000000000000cb4                CLOCK_GetOutClkFreq
 .text.CLOCK_GetFllFreq
                0x0000000000000d18       0x7c ./drivers/fsl_clock.o
                0x0000000000000d18                CLOCK_GetFllFreq
 .text.CLOCK_GetPll0Freq
                0x0000000000000d94       0x68 ./drivers/fsl_clock.o
                0x0000000000000d94                CLOCK_GetPll0Freq
 .text.CLOCK_SetInternalRefClkConfig
                0x0000000000000dfc      0x104 ./drivers/fsl_clock.o
                0x0000000000000dfc                CLOCK_SetInternalRefClkConfig
 .text.CLOCK_SetFeiMode
                0x0000000000000f00       0xc0 ./drivers/fsl_clock.o
                0x0000000000000f00                CLOCK_SetFeiMode
 .text.DSPI_CommonIRQHandler
                0x0000000000000fc0       0x40 ./drivers/fsl_dspi.o
 .text.SPI0_DriverIRQHandler
                0x0000000000001000       0x30 ./drivers/fsl_dspi.o
                0x0000000000001000                SPI0_DriverIRQHandler
 .text.SPI1_DriverIRQHandler
                0x0000000000001030       0x30 ./drivers/fsl_dspi.o
                0x0000000000001030                SPI1_DriverIRQHandler
 .text.SPI2_DriverIRQHandler
                0x0000000000001060       0x30 ./drivers/fsl_dspi.o
                0x0000000000001060                SPI2_DriverIRQHandler
 .text.I2C_TransferCommonIRQHandler
                0x0000000000001090       0x50 ./drivers/fsl_i2c.o
 .text.I2C0_DriverIRQHandler
                0x00000000000010e0       0x1c ./drivers/fsl_i2c.o
                0x00000000000010e0                I2C0_DriverIRQHandler
 .text.I2C1_DriverIRQHandler
                0x00000000000010fc       0x1c ./drivers/fsl_i2c.o
                0x00000000000010fc                I2C1_DriverIRQHandler
 .text.I2C2_DriverIRQHandler
                0x0000000000001118       0x1c ./drivers/fsl_i2c.o
                0x0000000000001118                I2C2_DriverIRQHandler
 .text.UART_GetInstance
                0x0000000000001134       0x54 ./drivers/fsl_uart.o
                0x0000000000001134                UART_GetInstance
 .text.UART_Init
                0x0000000000001188      0x2f4 ./drivers/fsl_uart.o
                0x0000000000001188                UART_Init
 .text.UART_GetDefaultConfig
                0x000000000000147c       0x60 ./drivers/fsl_uart.o
                0x000000000000147c                UART_GetDefaultConfig
 .text.UART_ReadBlocking
                0x00000000000014dc       0x90 ./drivers/fsl_uart.o
                0x00000000000014dc                UART_ReadBlocking
 .text.UART0_DriverIRQHandler
                0x000000000000156c       0x28 ./drivers/fsl_uart.o
                0x000000000000156c                UART0_DriverIRQHandler
 .text.UART1_DriverIRQHandler
                0x0000000000001594       0x28 ./drivers/fsl_uart.o
                0x0000000000001594                UART1_DriverIRQHandler
 .text.UART2_DriverIRQHandler
                0x00000000000015bc       0x28 ./drivers/fsl_uart.o
                0x00000000000015bc                UART2_DriverIRQHandler
 .text.UART3_DriverIRQHandler
                0x00000000000015e4       0x28 ./drivers/fsl_uart.o
                0x00000000000015e4                UART3_DriverIRQHandler
 .text.UART4_DriverIRQHandler
                0x000000000000160c       0x28 ./drivers/fsl_uart.o
                0x000000000000160c                UART4_DriverIRQHandler
 .text.UART5_DriverIRQHandler
                0x0000000000001634       0x28 ./drivers/fsl_uart.o
                0x0000000000001634                UART5_DriverIRQHandler
 .text.BOARD_InitDebugConsole
                0x000000000000165c       0x28 ./board/board.o
                0x000000000000165c                BOARD_InitDebugConsole
 .text.CLOCK_SetSimSafeDivs
                0x0000000000001684       0x20 ./board/clock_config.o
 .text.BOARD_BootClockRUN
                0x00000000000016a4       0x40 ./board/clock_config.o
                0x00000000000016a4                BOARD_BootClockRUN
 .text.PORT_SetPinConfig
                0x00000000000016e4       0x38 ./board/pin_mux.o
 .text.BOARD_InitDEBUG_UART
                0x000000000000171c       0x6c ./board/pin_mux.o
                0x000000000000171c                BOARD_InitDEBUG_UART
 .text.vPortSetupTimerInterrupt
                0x0000000000001788       0x48 ./amazon-freertos/portable/fsl_tickless_systick.o
                0x0000000000001788                vPortSetupTimerInterrupt
 .text.pvPortMalloc
                0x00000000000017d0      0x184 ./amazon-freertos/portable/heap_4.o
                0x00000000000017d0                pvPortMalloc
 .text.vPortFree
                0x0000000000001954       0xb0 ./amazon-freertos/portable/heap_4.o
                0x0000000000001954                vPortFree
 .text.prvHeapInit
                0x0000000000001a04       0xc4 ./amazon-freertos/portable/heap_4.o
 .text.prvInsertBlockIntoFreeList
                0x0000000000001ac8       0xb4 ./amazon-freertos/portable/heap_4.o
 .text.pxPortInitialiseStack
                0x0000000000001b7c       0x68 ./amazon-freertos/FreeRTOS/portable/port.o
                0x0000000000001b7c                pxPortInitialiseStack
 .text.prvTaskExitError
                0x0000000000001be4       0x54 ./amazon-freertos/FreeRTOS/portable/port.o
 .text.prvPortStartFirstTask
                0x0000000000001c38       0x28 ./amazon-freertos/FreeRTOS/portable/port.o
 .text.xPortStartScheduler
                0x0000000000001c60      0x13c ./amazon-freertos/FreeRTOS/portable/port.o
                0x0000000000001c60                xPortStartScheduler
 .text.vPortEnterCritical
                0x0000000000001d9c       0x5c ./amazon-freertos/FreeRTOS/portable/port.o
                0x0000000000001d9c                vPortEnterCritical
 .text.vPortExitCritical
                0x0000000000001df8       0x50 ./amazon-freertos/FreeRTOS/portable/port.o
                0x0000000000001df8                vPortExitCritical
 .text.SysTick_Handler
                0x0000000000001e48       0x40 ./amazon-freertos/FreeRTOS/portable/port.o
                0x0000000000001e48                SysTick_Handler
 .text.vPortEnableVFP
                0x0000000000001e88       0x14 ./amazon-freertos/FreeRTOS/portable/port.o
 .text.vPortValidateInterruptPriority
                0x0000000000001e9c       0x7c ./amazon-freertos/FreeRTOS/portable/port.o
                0x0000000000001e9c                vPortValidateInterruptPriority
 .text.xEventGroupWaitBits
                0x0000000000001f18      0x194 ./amazon-freertos/FreeRTOS/event_groups.o
                0x0000000000001f18                xEventGroupWaitBits
 .text.xQueueGenericReset
                0x00000000000020ac       0xd0 ./amazon-freertos/FreeRTOS/queue.o
                0x00000000000020ac                xQueueGenericReset
 .text.xQueueGenericSend
                0x000000000000217c      0x1f4 ./amazon-freertos/FreeRTOS/queue.o
                0x000000000000217c                xQueueGenericSend
 .text.xQueueReceive
                0x0000000000002370      0x1b8 ./amazon-freertos/FreeRTOS/queue.o
                0x0000000000002370                xQueueReceive
 .text.xQueueSemaphoreTake
                0x0000000000002528      0x214 ./amazon-freertos/FreeRTOS/queue.o
                0x0000000000002528                xQueueSemaphoreTake
 .text.vQueueAddToRegistry
                0x000000000000273c       0x50 ./amazon-freertos/FreeRTOS/queue.o
                0x000000000000273c                vQueueAddToRegistry
 .text.prvAddNewTaskToReadyList
                0x000000000000278c       0xdc ./amazon-freertos/FreeRTOS/tasks.o
 .text.vTaskDelayUntil
                0x0000000000002868       0xf4 ./amazon-freertos/FreeRTOS/tasks.o
                0x0000000000002868                vTaskDelayUntil
 .text.vTaskDelay
                0x000000000000295c       0x68 ./amazon-freertos/FreeRTOS/tasks.o
                0x000000000000295c                vTaskDelay
 .text.vTaskStartScheduler
                0x00000000000029c4       0x98 ./amazon-freertos/FreeRTOS/tasks.o
                0x00000000000029c4                vTaskStartScheduler
 .text.vTaskSuspendAll
                0x0000000000002a5c       0x1c ./amazon-freertos/FreeRTOS/tasks.o
                0x0000000000002a5c                vTaskSuspendAll
 .text.xTaskResumeAll
                0x0000000000002a78      0x138 ./amazon-freertos/FreeRTOS/tasks.o
                0x0000000000002a78                xTaskResumeAll
 .text.xTaskGetTickCount
                0x0000000000002bb0       0x20 ./amazon-freertos/FreeRTOS/tasks.o
                0x0000000000002bb0                xTaskGetTickCount
 .text.xTaskIncrementTick
                0x0000000000002bd0      0x158 ./amazon-freertos/FreeRTOS/tasks.o
                0x0000000000002bd0                xTaskIncrementTick
 .text.vTaskSwitchContext
                0x0000000000002d28       0xb4 ./amazon-freertos/FreeRTOS/tasks.o
                0x0000000000002d28                vTaskSwitchContext
 .text.vTaskPlaceOnEventList
                0x0000000000002ddc       0x48 ./amazon-freertos/FreeRTOS/tasks.o
                0x0000000000002ddc                vTaskPlaceOnEventList
 .text.vTaskPlaceOnUnorderedEventList
                0x0000000000002e24       0x74 ./amazon-freertos/FreeRTOS/tasks.o
                0x0000000000002e24                vTaskPlaceOnUnorderedEventList
 .text.vTaskPlaceOnEventListRestricted
                0x0000000000002e98       0x54 ./amazon-freertos/FreeRTOS/tasks.o
                0x0000000000002e98                vTaskPlaceOnEventListRestricted
 .text.xTaskRemoveFromEventList
                0x0000000000002eec       0xc4 ./amazon-freertos/FreeRTOS/tasks.o
                0x0000000000002eec                xTaskRemoveFromEventList
 .text.vTaskRemoveFromUnorderedEventList
                0x0000000000002fb0       0xc0 ./amazon-freertos/FreeRTOS/tasks.o
                0x0000000000002fb0                vTaskRemoveFromUnorderedEventList
 .text.vTaskInternalSetTimeOutState
                0x0000000000003070       0x2c ./amazon-freertos/FreeRTOS/tasks.o
                0x0000000000003070                vTaskInternalSetTimeOutState
 .text.xTaskCheckForTimeOut
                0x000000000000309c       0xc0 ./amazon-freertos/FreeRTOS/tasks.o
                0x000000000000309c                xTaskCheckForTimeOut
 .text.vTaskMissedYield
                0x000000000000315c       0x18 ./amazon-freertos/FreeRTOS/tasks.o
                0x000000000000315c                vTaskMissedYield
 .text.prvIdleTask
                0x0000000000003174       0x30 ./amazon-freertos/FreeRTOS/tasks.o
 .text.prvInitialiseTaskLists
                0x00000000000031a4       0x80 ./amazon-freertos/FreeRTOS/tasks.o
 .text.prvCheckTasksWaitingTermination
                0x0000000000003224       0x58 ./amazon-freertos/FreeRTOS/tasks.o
 .text.prvResetNextTaskUnblockTime
                0x000000000000327c       0x4c ./amazon-freertos/FreeRTOS/tasks.o
 .text.xTaskGetSchedulerState
                0x00000000000032c8       0x3c ./amazon-freertos/FreeRTOS/tasks.o
                0x00000000000032c8                xTaskGetSchedulerState
 .text.xTaskPriorityInherit
                0x0000000000003304      0x10c ./amazon-freertos/FreeRTOS/tasks.o
                0x0000000000003304                xTaskPriorityInherit
 .text.xTaskPriorityDisinherit
                0x0000000000003410      0x108 ./amazon-freertos/FreeRTOS/tasks.o
                0x0000000000003410                xTaskPriorityDisinherit
 .text.vTaskPriorityDisinheritAfterTimeout
                0x0000000000003518      0x13c ./amazon-freertos/FreeRTOS/tasks.o
                0x0000000000003518                vTaskPriorityDisinheritAfterTimeout
 .text.uxTaskResetEventItemValue
                0x0000000000003654       0x30 ./amazon-freertos/FreeRTOS/tasks.o
                0x0000000000003654                uxTaskResetEventItemValue
 .text.pvTaskIncrementMutexHeldCount
                0x0000000000003684       0x28 ./amazon-freertos/FreeRTOS/tasks.o
                0x0000000000003684                pvTaskIncrementMutexHeldCount
 .text.prvAddCurrentTaskToDelayedList
                0x00000000000036ac       0xcc ./amazon-freertos/FreeRTOS/tasks.o
 .text.xTimerCreateTimerTask
                0x0000000000003778       0x60 ./amazon-freertos/FreeRTOS/timers.o
                0x0000000000003778                xTimerCreateTimerTask
 .text.xTimerGenericCommand
                0x00000000000037d8       0x98 ./amazon-freertos/FreeRTOS/timers.o
                0x00000000000037d8                xTimerGenericCommand
 .text.prvProcessExpiredTimer
                0x0000000000003870       0x80 ./amazon-freertos/FreeRTOS/timers.o
 .text.prvProcessTimerOrBlockTask
                0x00000000000038f0       0x9c ./amazon-freertos/FreeRTOS/timers.o
 .text.prvGetNextExpireTime
                0x000000000000398c       0x48 ./amazon-freertos/FreeRTOS/timers.o
 .text.prvSampleTimeNow
                0x00000000000039d4       0x40 ./amazon-freertos/FreeRTOS/timers.o
 .text.prvInsertTimerInActiveList
                0x0000000000003a14       0x84 ./amazon-freertos/FreeRTOS/timers.o
 .text.prvProcessReceivedCommands
                0x0000000000003a98      0x154 ./amazon-freertos/FreeRTOS/timers.o
 .text.prvSwitchTimerLists
                0x0000000000003bec       0xc0 ./amazon-freertos/FreeRTOS/timers.o
 .text.prvCheckForValidListAndQueue
                0x0000000000003cac       0x6c ./amazon-freertos/FreeRTOS/timers.o
 .text.SystemInit
                0x0000000000003d18       0x3c ./CMSIS/system_MK64F12.o
                0x0000000000003d18                SystemInit
 .text.__assertion_failed
                0x0000000000003d54       0x4c /usr/local/mcuxpressoide-10.2.1_795/ide/tools/bin/../lib/gcc/arm-none-eabi/7.2.1/../../../../arm-none-eabi/lib/thumb/v7e-m/fpv4-sp/hard/libcr_nohost_nf.a(_cr_assert.o)
                0x0000000000003d54                __assertion_failed
 .text._Cwritebuf
                0x0000000000003da0       0x6c /usr/local/mcuxpressoide-10.2.1_795/ide/tools/bin/../lib/gcc/arm-none-eabi/7.2.1/../../../../arm-none-eabi/lib/thumb/v7e-m/fpv4-sp/hard/libcr_c.a(_writebuf.o)
                0x0000000000003da0                _Cwritebuf
 .text.malloc   0x0000000000003e0c       0xc8 /usr/local/mcuxpressoide-10.2.1_795/ide/tools/bin/../lib/gcc/arm-none-eabi/7.2.1/../../../../arm-none-eabi/lib/thumb/v7e-m/fpv4-sp/hard/libcr_c.a(alloc.o)
                0x0000000000003e0c                malloc
 .text._Csys_alloc
                0x0000000000003ed4       0x20 /usr/local/mcuxpressoide-10.2.1_795/ide/tools/bin/../lib/gcc/arm-none-eabi/7.2.1/../../../../arm-none-eabi/lib/thumb/v7e-m/fpv4-sp/hard/libcr_c.a(alloc.o)
                0x0000000000003ed4                _Csys_alloc
 .text.fseek    0x0000000000003ef4      0x100 /usr/local/mcuxpressoide-10.2.1_795/ide/tools/bin/../lib/gcc/arm-none-eabi/7.2.1/../../../../arm-none-eabi/lib/thumb/v7e-m/fpv4-sp/hard/libcr_c.a(fseek.o)
                0x0000000000003ef4                fseek
 .text.ftell    0x0000000000003ff4       0x44 /usr/local/mcuxpressoide-10.2.1_795/ide/tools/bin/../lib/gcc/arm-none-eabi/7.2.1/../../../../arm-none-eabi/lib/thumb/v7e-m/fpv4-sp/hard/libcr_c.a(ftell.o)
                0x0000000000003ff4                ftell
 .text._initio  0x0000000000004038       0x78 /usr/local/mcuxpressoide-10.2.1_795/ide/tools/bin/../lib/gcc/arm-none-eabi/7.2.1/../../../../arm-none-eabi/lib/thumb/v7e-m/fpv4-sp/hard/libcr_c.a(initio.o)
                0x0000000000004038                _initio
 .text.setvbuf  0x00000000000040b0       0x40 /usr/local/mcuxpressoide-10.2.1_795/ide/tools/bin/../lib/gcc/arm-none-eabi/7.2.1/../../../../arm-none-eabi/lib/thumb/v7e-m/fpv4-sp/hard/libcr_c.a(setvbuf.o)
                0x00000000000040b0                setvbuf
 .text.srand    0x00000000000040f0       0x40 /usr/local/mcuxpressoide-10.2.1_795/ide/tools/bin/../lib/gcc/arm-none-eabi/7.2.1/../../../../arm-none-eabi/lib/thumb/v7e-m/fpv4-sp/hard/libcr_c.a(stdlib.o)
                0x00000000000040f0                srand
 .text._sbrk    0x0000000000004130       0x3c /usr/local/mcuxpressoide-10.2.1_795/ide/tools/bin/../lib/gcc/arm-none-eabi/7.2.1/../../../../arm-none-eabi/lib/thumb/v7e-m/fpv4-sp/hard/libcr_c.a(_cr_sbrk.o)
                0x0000000000004130                _sbrk
 .text.fflush   0x000000000000416c       0x44 /usr/local/mcuxpressoide-10.2.1_795/ide/tools/bin/../lib/gcc/arm-none-eabi/7.2.1/../../../../arm-none-eabi/lib/thumb/v7e-m/fpv4-sp/hard/libcr_c.a(fflush.o)
                0x000000000000416c                fflush
 .text.__check_heap_overflow
                0x00000000000041b0       0x18 /usr/local/mcuxpressoide-10.2.1_795/ide/tools/bin/../lib/gcc/arm-none-eabi/7.2.1/../../../../arm-none-eabi/lib/thumb/v7e-m/fpv4-sp/hard/libcr_c.a(_cr_check_heap.o)
                0x00000000000041b0                __check_heap_overflow
 .text.DbgConsole_RelocateLog
                0x00000000000041c8       0x64 ./utilities/fsl_debug_console.o
 .text.UART_EnableTx
                0x000000000000422c       0x40 ./utilities/fsl_io.o
 .text.UART_EnableRx
                0x000000000000426c       0x40 ./utilities/fsl_io.o
 .text.LOG_Init
                0x00000000000042ac       0x30 ./utilities/fsl_log.o
                0x00000000000042ac                LOG_Init
 .text.LOG_Pop  0x00000000000042dc       0x42 ./utilities/fsl_log.o
                0x00000000000042dc                LOG_Pop
 .text.ConvertRadixNumToString
                0x000000000000431e      0x114 ./utilities/fsl_str.o
 .text.StrFormatPrintf
                0x0000000000004432      0x30c ./utilities/fsl_str.o
                0x0000000000004432                StrFormatPrintf
 .text.DMA0_IRQHandler
                0x000000000000473e        0x8 ./startup/startup_mk64f12.o
                0x000000000000473e                DMA0_IRQHandler
 .text.DMA1_IRQHandler
                0x0000000000004746        0x8 ./startup/startup_mk64f12.o
                0x0000000000004746                DMA1_IRQHandler
 .text.DMA2_IRQHandler
                0x000000000000474e        0x8 ./startup/startup_mk64f12.o
                0x000000000000474e                DMA2_IRQHandler
 .text.DMA3_IRQHandler
                0x0000000000004756        0x8 ./startup/startup_mk64f12.o
                0x0000000000004756                DMA3_IRQHandler
 .text.DMA4_IRQHandler
                0x000000000000475e        0x8 ./startup/startup_mk64f12.o
                0x000000000000475e                DMA4_IRQHandler
 .text.DMA5_IRQHandler
                0x0000000000004766        0x8 ./startup/startup_mk64f12.o
                0x0000000000004766                DMA5_IRQHandler
 .text.DMA6_IRQHandler
                0x000000000000476e        0x8 ./startup/startup_mk64f12.o
                0x000000000000476e                DMA6_IRQHandler
 .text.DMA7_IRQHandler
                0x0000000000004776        0x8 ./startup/startup_mk64f12.o
                0x0000000000004776                DMA7_IRQHandler
 .text.DMA8_IRQHandler
                0x000000000000477e        0x8 ./startup/startup_mk64f12.o
                0x000000000000477e                DMA8_IRQHandler
 .text.DMA9_IRQHandler
                0x0000000000004786        0x8 ./startup/startup_mk64f12.o
                0x0000000000004786                DMA9_IRQHandler
 .text.DMA10_IRQHandler
                0x000000000000478e        0x8 ./startup/startup_mk64f12.o
                0x000000000000478e                DMA10_IRQHandler
 .text.DMA11_IRQHandler
                0x0000000000004796        0x8 ./startup/startup_mk64f12.o
                0x0000000000004796                DMA11_IRQHandler
 .text.DMA12_IRQHandler
                0x000000000000479e        0x8 ./startup/startup_mk64f12.o
                0x000000000000479e                DMA12_IRQHandler
 .text.DMA13_IRQHandler
                0x00000000000047a6        0x8 ./startup/startup_mk64f12.o
                0x00000000000047a6                DMA13_IRQHandler
 .text.DMA14_IRQHandler
                0x00000000000047ae        0x8 ./startup/startup_mk64f12.o
                0x00000000000047ae                DMA14_IRQHandler
 .text.DMA15_IRQHandler
                0x00000000000047b6        0x8 ./startup/startup_mk64f12.o
                0x00000000000047b6                DMA15_IRQHandler
 .text.DMA_Error_IRQHandler
                0x00000000000047be        0x8 ./startup/startup_mk64f12.o
                0x00000000000047be                DMA_Error_IRQHandler
 .text.MCM_IRQHandler
                0x00000000000047c6        0x8 ./startup/startup_mk64f12.o
                0x00000000000047c6                MCM_IRQHandler
 .text.FTFE_IRQHandler
                0x00000000000047ce        0x8 ./startup/startup_mk64f12.o
                0x00000000000047ce                FTFE_IRQHandler
 .text.Read_Collision_IRQHandler
                0x00000000000047d6        0x8 ./startup/startup_mk64f12.o
                0x00000000000047d6                Read_Collision_IRQHandler
 .text.LVD_LVW_IRQHandler
                0x00000000000047de        0x8 ./startup/startup_mk64f12.o
                0x00000000000047de                LVD_LVW_IRQHandler
 .text.LLWU_IRQHandler
                0x00000000000047e6        0x8 ./startup/startup_mk64f12.o
                0x00000000000047e6                LLWU_IRQHandler
 .text.WDOG_EWM_IRQHandler
                0x00000000000047ee        0x8 ./startup/startup_mk64f12.o
                0x00000000000047ee                WDOG_EWM_IRQHandler
 .text.RNG_IRQHandler
                0x00000000000047f6        0x8 ./startup/startup_mk64f12.o
                0x00000000000047f6                RNG_IRQHandler
 .text.I2C0_IRQHandler
                0x00000000000047fe        0x8 ./startup/startup_mk64f12.o
                0x00000000000047fe                I2C0_IRQHandler
 .text.I2C1_IRQHandler
                0x0000000000004806        0x8 ./startup/startup_mk64f12.o
                0x0000000000004806                I2C1_IRQHandler
 .text.SPI0_IRQHandler
                0x000000000000480e        0x8 ./startup/startup_mk64f12.o
                0x000000000000480e                SPI0_IRQHandler
 .text.SPI1_IRQHandler
                0x0000000000004816        0x8 ./startup/startup_mk64f12.o
                0x0000000000004816                SPI1_IRQHandler
 .text.I2S0_Tx_IRQHandler
                0x000000000000481e        0x8 ./startup/startup_mk64f12.o
                0x000000000000481e                I2S0_Tx_IRQHandler
 .text.I2S0_Rx_IRQHandler
                0x0000000000004826        0x8 ./startup/startup_mk64f12.o
                0x0000000000004826                I2S0_Rx_IRQHandler
 .text.UART0_LON_IRQHandler
                0x000000000000482e        0x8 ./startup/startup_mk64f12.o
                0x000000000000482e                UART0_LON_IRQHandler
 .text.UART0_RX_TX_IRQHandler
                0x0000000000004836        0x8 ./startup/startup_mk64f12.o
                0x0000000000004836                UART0_RX_TX_IRQHandler
 .text.UART0_ERR_IRQHandler
                0x000000000000483e        0x8 ./startup/startup_mk64f12.o
                0x000000000000483e                UART0_ERR_IRQHandler
 .text.UART1_RX_TX_IRQHandler
                0x0000000000004846        0x8 ./startup/startup_mk64f12.o
                0x0000000000004846                UART1_RX_TX_IRQHandler
 .text.UART1_ERR_IRQHandler
                0x000000000000484e        0x8 ./startup/startup_mk64f12.o
                0x000000000000484e                UART1_ERR_IRQHandler
 .text.UART2_RX_TX_IRQHandler
                0x0000000000004856        0x8 ./startup/startup_mk64f12.o
                0x0000000000004856                UART2_RX_TX_IRQHandler
 .text.UART2_ERR_IRQHandler
                0x000000000000485e        0x8 ./startup/startup_mk64f12.o
                0x000000000000485e                UART2_ERR_IRQHandler
 .text.UART3_RX_TX_IRQHandler
                0x0000000000004866        0x8 ./startup/startup_mk64f12.o
                0x0000000000004866                UART3_RX_TX_IRQHandler
 .text.UART3_ERR_IRQHandler
                0x000000000000486e        0x8 ./startup/startup_mk64f12.o
                0x000000000000486e                UART3_ERR_IRQHandler
 .text.ADC0_IRQHandler
                0x0000000000004876        0x8 ./startup/startup_mk64f12.o
                0x0000000000004876                ADC0_IRQHandler
 .text.CMP0_IRQHandler
                0x000000000000487e        0x8 ./startup/startup_mk64f12.o
                0x000000000000487e                CMP0_IRQHandler
 .text.CMP1_IRQHandler
                0x0000000000004886        0x8 ./startup/startup_mk64f12.o
                0x0000000000004886                CMP1_IRQHandler
 .text.FTM0_IRQHandler
                0x000000000000488e        0x8 ./startup/startup_mk64f12.o
                0x000000000000488e                FTM0_IRQHandler
 .text.FTM1_IRQHandler
                0x0000000000004896        0x8 ./startup/startup_mk64f12.o
                0x0000000000004896                FTM1_IRQHandler
 .text.FTM2_IRQHandler
                0x000000000000489e        0x8 ./startup/startup_mk64f12.o
                0x000000000000489e                FTM2_IRQHandler
 .text.CMT_IRQHandler
                0x00000000000048a6        0x8 ./startup/startup_mk64f12.o
                0x00000000000048a6                CMT_IRQHandler
 .text.RTC_IRQHandler
                0x00000000000048ae        0x8 ./startup/startup_mk64f12.o
                0x00000000000048ae                RTC_IRQHandler
 .text.RTC_Seconds_IRQHandler
                0x00000000000048b6        0x8 ./startup/startup_mk64f12.o
                0x00000000000048b6                RTC_Seconds_IRQHandler
 .text.PIT0_IRQHandler
                0x00000000000048be        0x8 ./startup/startup_mk64f12.o
                0x00000000000048be                PIT0_IRQHandler
 .text.PIT1_IRQHandler
                0x00000000000048c6        0x8 ./startup/startup_mk64f12.o
                0x00000000000048c6                PIT1_IRQHandler
 .text.PIT2_IRQHandler
                0x00000000000048ce        0x8 ./startup/startup_mk64f12.o
                0x00000000000048ce                PIT2_IRQHandler
 .text.PIT3_IRQHandler
                0x00000000000048d6        0x8 ./startup/startup_mk64f12.o
                0x00000000000048d6                PIT3_IRQHandler
 .text.PDB0_IRQHandler
                0x00000000000048de        0x8 ./startup/startup_mk64f12.o
                0x00000000000048de                PDB0_IRQHandler
 .text.USB0_IRQHandler
                0x00000000000048e6        0x8 ./startup/startup_mk64f12.o
                0x00000000000048e6                USB0_IRQHandler
 .text.USBDCD_IRQHandler
                0x00000000000048ee        0x8 ./startup/startup_mk64f12.o
                0x00000000000048ee                USBDCD_IRQHandler
 .text.Reserved71_IRQHandler
                0x00000000000048f6        0x8 ./startup/startup_mk64f12.o
                0x00000000000048f6                Reserved71_IRQHandler
 .text.DAC0_IRQHandler
                0x00000000000048fe        0x8 ./startup/startup_mk64f12.o
                0x00000000000048fe                DAC0_IRQHandler
 .text.MCG_IRQHandler
                0x0000000000004906        0x8 ./startup/startup_mk64f12.o
                0x0000000000004906                MCG_IRQHandler
 .text.LPTMR0_IRQHandler
                0x000000000000490e        0x8 ./startup/startup_mk64f12.o
                0x000000000000490e                LPTMR0_IRQHandler
 .text.PORTA_IRQHandler
                0x0000000000004916        0x8 ./startup/startup_mk64f12.o
                0x0000000000004916                PORTA_IRQHandler
 .text.PORTB_IRQHandler
                0x000000000000491e        0x8 ./startup/startup_mk64f12.o
                0x000000000000491e                PORTB_IRQHandler
 .text.PORTC_IRQHandler
                0x0000000000004926        0x8 ./startup/startup_mk64f12.o
                0x0000000000004926                PORTC_IRQHandler
 .text.PORTD_IRQHandler
                0x000000000000492e        0x8 ./startup/startup_mk64f12.o
                0x000000000000492e                PORTD_IRQHandler
 .text.PORTE_IRQHandler
                0x0000000000004936        0x8 ./startup/startup_mk64f12.o
                0x0000000000004936                PORTE_IRQHandler
 .text.SWI_IRQHandler
                0x000000000000493e        0x8 ./startup/startup_mk64f12.o
                0x000000000000493e                SWI_IRQHandler
 .text.SPI2_IRQHandler
                0x0000000000004946        0x8 ./startup/startup_mk64f12.o
                0x0000000000004946                SPI2_IRQHandler
 .text.UART4_RX_TX_IRQHandler
                0x000000000000494e        0x8 ./startup/startup_mk64f12.o
                0x000000000000494e                UART4_RX_TX_IRQHandler
 .text.UART4_ERR_IRQHandler
                0x0000000000004956        0x8 ./startup/startup_mk64f12.o
                0x0000000000004956                UART4_ERR_IRQHandler
 .text.UART5_RX_TX_IRQHandler
                0x000000000000495e        0x8 ./startup/startup_mk64f12.o
                0x000000000000495e                UART5_RX_TX_IRQHandler
 .text.UART5_ERR_IRQHandler
                0x0000000000004966        0x8 ./startup/startup_mk64f12.o
                0x0000000000004966                UART5_ERR_IRQHandler
 .text.CMP2_IRQHandler
                0x000000000000496e        0x8 ./startup/startup_mk64f12.o
                0x000000000000496e                CMP2_IRQHandler
 .text.FTM3_IRQHandler
                0x0000000000004976        0x8 ./startup/startup_mk64f12.o
                0x0000000000004976                FTM3_IRQHandler
 .text.DAC1_IRQHandler
                0x000000000000497e        0x8 ./startup/startup_mk64f12.o
                0x000000000000497e                DAC1_IRQHandler
 .text.ADC1_IRQHandler
                0x0000000000004986        0x8 ./startup/startup_mk64f12.o
                0x0000000000004986                ADC1_IRQHandler
 .text.I2C2_IRQHandler
                0x000000000000498e        0x8 ./startup/startup_mk64f12.o
                0x000000000000498e                I2C2_IRQHandler
 .text.CAN0_ORed_Message_buffer_IRQHandler
                0x0000000000004996        0x8 ./startup/startup_mk64f12.o
                0x0000000000004996                CAN0_ORed_Message_buffer_IRQHandler
 .text.CAN0_Bus_Off_IRQHandler
                0x000000000000499e        0x8 ./startup/startup_mk64f12.o
                0x000000000000499e                CAN0_Bus_Off_IRQHandler
 .text.CAN0_Error_IRQHandler
                0x00000000000049a6        0x8 ./startup/startup_mk64f12.o
                0x00000000000049a6                CAN0_Error_IRQHandler
 .text.CAN0_Tx_Warning_IRQHandler
                0x00000000000049ae        0x8 ./startup/startup_mk64f12.o
                0x00000000000049ae                CAN0_Tx_Warning_IRQHandler
 .text.CAN0_Rx_Warning_IRQHandler
                0x00000000000049b6        0x8 ./startup/startup_mk64f12.o
                0x00000000000049b6                CAN0_Rx_Warning_IRQHandler
 .text.CAN0_Wake_Up_IRQHandler
                0x00000000000049be        0x8 ./startup/startup_mk64f12.o
                0x00000000000049be                CAN0_Wake_Up_IRQHandler
 .text.SDHC_IRQHandler
                0x00000000000049c6        0x8 ./startup/startup_mk64f12.o
                0x00000000000049c6                SDHC_IRQHandler
 .text.ENET_1588_Timer_IRQHandler
                0x00000000000049ce        0x8 ./startup/startup_mk64f12.o
                0x00000000000049ce                ENET_1588_Timer_IRQHandler
 .text.ENET_Transmit_IRQHandler
                0x00000000000049d6        0x8 ./startup/startup_mk64f12.o
                0x00000000000049d6                ENET_Transmit_IRQHandler
 .text.ENET_Receive_IRQHandler
                0x00000000000049de        0x8 ./startup/startup_mk64f12.o
                0x00000000000049de                ENET_Receive_IRQHandler
 .text.ENET_Error_IRQHandler
                0x00000000000049e6        0x8 ./startup/startup_mk64f12.o
                0x00000000000049e6                ENET_Error_IRQHandler
 .text.HardFault_Handler
                0x00000000000049ee       0x2c ./source/semihost_hardfault.o
                0x00000000000049ee                HardFault_Handler
 .text.CLOCK_GetPll0RefFreq
                0x0000000000004a1a        0xe ./drivers/fsl_clock.o
 .text.CLOCK_BootToFeiMode
                0x0000000000004a28       0x26 ./drivers/fsl_clock.o
                0x0000000000004a28                CLOCK_BootToFeiMode
 .text.DSPI_IsMaster
                0x0000000000004a4e       0x1c ./drivers/fsl_dspi.o
 .text.CLOCK_EnableClock
                0x0000000000004a6a       0x34 ./drivers/fsl_uart.o
 .text.UART_GetStatusFlags
                0x0000000000004a9e       0x46 ./drivers/fsl_uart.o
                0x0000000000004a9e                UART_GetStatusFlags
 .text.UART_WriteBlocking
                0x0000000000004ae4       0x3e ./drivers/fsl_uart.o
                0x0000000000004ae4                UART_WriteBlocking
 .text.UART0_RX_TX_DriverIRQHandler
                0x0000000000004b22       0x10 ./drivers/fsl_uart.o
                0x0000000000004b22                UART0_RX_TX_DriverIRQHandler
 .text.UART1_RX_TX_DriverIRQHandler
                0x0000000000004b32       0x10 ./drivers/fsl_uart.o
                0x0000000000004b32                UART1_RX_TX_DriverIRQHandler
 .text.UART2_RX_TX_DriverIRQHandler
                0x0000000000004b42       0x10 ./drivers/fsl_uart.o
                0x0000000000004b42                UART2_RX_TX_DriverIRQHandler
 .text.UART3_RX_TX_DriverIRQHandler
                0x0000000000004b52       0x10 ./drivers/fsl_uart.o
                0x0000000000004b52                UART3_RX_TX_DriverIRQHandler
 .text.UART4_RX_TX_DriverIRQHandler
                0x0000000000004b62       0x10 ./drivers/fsl_uart.o
                0x0000000000004b62                UART4_RX_TX_DriverIRQHandler
 .text.UART5_RX_TX_DriverIRQHandler
                0x0000000000004b72       0x10 ./drivers/fsl_uart.o
                0x0000000000004b72                UART5_RX_TX_DriverIRQHandler
 .text.CLOCK_CONFIG_FllStableDelay
                0x0000000000004b82       0x26 ./board/clock_config.o
 .text.BOARD_InitBootClocks
                0x0000000000004ba8        0xc ./board/clock_config.o
                0x0000000000004ba8                BOARD_InitBootClocks
 .text.BOARD_InitPeripherals
                0x0000000000004bb4        0xe ./board/peripherals.o
                0x0000000000004bb4                BOARD_InitPeripherals
 .text.BOARD_InitBootPeripherals
                0x0000000000004bc2        0xc ./board/peripherals.o
                0x0000000000004bc2                BOARD_InitBootPeripherals
 .text.CLOCK_EnableClock
                0x0000000000004bce       0x34 ./board/pin_mux.o
 .text.BOARD_InitBootPins
                0x0000000000004c02       0x10 ./board/pin_mux.o
                0x0000000000004c02                BOARD_InitBootPins
 .text.BOARD_InitPins
                0x0000000000004c12        0xe ./board/pin_mux.o
                0x0000000000004c12                BOARD_InitPins
 .text.xEventGroupCreate
                0x0000000000004c20       0x2e ./amazon-freertos/FreeRTOS/event_groups.o
                0x0000000000004c20                xEventGroupCreate
 .text.xEventGroupSetBits
                0x0000000000004c4e      0x112 ./amazon-freertos/FreeRTOS/event_groups.o
                0x0000000000004c4e                xEventGroupSetBits
 .text.prvTestWaitCondition
                0x0000000000004d60       0x44 ./amazon-freertos/FreeRTOS/event_groups.o
 .text.vListInitialise
                0x0000000000004da4       0x40 ./amazon-freertos/FreeRTOS/list.o
                0x0000000000004da4                vListInitialise
 .text.vListInitialiseItem
                0x0000000000004de4       0x1a ./amazon-freertos/FreeRTOS/list.o
                0x0000000000004de4                vListInitialiseItem
 .text.vListInsertEnd
                0x0000000000004dfe       0x48 ./amazon-freertos/FreeRTOS/list.o
                0x0000000000004dfe                vListInsertEnd
 .text.vListInsert
                0x0000000000004e46       0x72 ./amazon-freertos/FreeRTOS/list.o
                0x0000000000004e46                vListInsert
 .text.uxListRemove
                0x0000000000004eb8       0x54 ./amazon-freertos/FreeRTOS/list.o
                0x0000000000004eb8                uxListRemove
 .text.xQueueGenericCreate
                0x0000000000004f0c       0x72 ./amazon-freertos/FreeRTOS/queue.o
                0x0000000000004f0c                xQueueGenericCreate
 .text.prvInitialiseNewQueue
                0x0000000000004f7e       0x46 ./amazon-freertos/FreeRTOS/queue.o
 .text.prvInitialiseMutex
                0x0000000000004fc4       0x34 ./amazon-freertos/FreeRTOS/queue.o
 .text.xQueueCreateMutex
                0x0000000000004ff8       0x30 ./amazon-freertos/FreeRTOS/queue.o
                0x0000000000004ff8                xQueueCreateMutex
 .text.xQueueGenericSendFromISR
                0x0000000000005028      0x128 ./amazon-freertos/FreeRTOS/queue.o
                0x0000000000005028                xQueueGenericSendFromISR
 .text.prvGetDisinheritPriorityAfterTimeout
                0x0000000000005150       0x30 ./amazon-freertos/FreeRTOS/queue.o
 .text.prvCopyDataToQueue
                0x0000000000005180       0xd4 ./amazon-freertos/FreeRTOS/queue.o
 .text.prvCopyDataFromQueue
                0x0000000000005254       0x4c ./amazon-freertos/FreeRTOS/queue.o
 .text.prvUnlockQueue
                0x00000000000052a0       0xa4 ./amazon-freertos/FreeRTOS/queue.o
 .text.prvIsQueueEmpty
                0x0000000000005344       0x2c ./amazon-freertos/FreeRTOS/queue.o
 .text.prvIsQueueFull
                0x0000000000005370       0x30 ./amazon-freertos/FreeRTOS/queue.o
 .text.vQueueWaitForMessageRestricted
                0x00000000000053a0       0x68 ./amazon-freertos/FreeRTOS/queue.o
                0x00000000000053a0                vQueueWaitForMessageRestricted
 .text.xTaskCreate
                0x0000000000005408       0x82 ./amazon-freertos/FreeRTOS/tasks.o
                0x0000000000005408                xTaskCreate
 .text.prvInitialiseNewTask
                0x000000000000548a      0x12a ./amazon-freertos/FreeRTOS/tasks.o
 .text.prvDeleteTCB
                0x00000000000055b4       0x20 ./amazon-freertos/FreeRTOS/tasks.o
 .text.prvTimerTask
                0x00000000000055d4       0x24 ./amazon-freertos/FreeRTOS/timers.o
 .text.SystemInitHook
                0x00000000000055f8        0xe ./CMSIS/system_MK64F12.o
                0x00000000000055f8                SystemInitHook
 .text.__main   0x0000000000005606        0xe /usr/local/mcuxpressoide-10.2.1_795/ide/tools/bin/../lib/gcc/arm-none-eabi/7.2.1/../../../../arm-none-eabi/lib/thumb/v7e-m/fpv4-sp/hard/libcr_nohost_nf.a(_cr__main.o)
                0x0000000000005606                __main
 .text.__sys_appexit
                0x0000000000005614        0x2 /usr/local/mcuxpressoide-10.2.1_795/ide/tools/bin/../lib/gcc/arm-none-eabi/7.2.1/../../../../arm-none-eabi/lib/thumb/v7e-m/fpv4-sp/hard/libcr_nohost_nf.a(__sys_appexit.o)
                0x0000000000005614                __exit
                0x0000000000005614                __sys_appexit
 .text.memcpy   0x0000000000005616        0x4 /usr/local/mcuxpressoide-10.2.1_795/ide/tools/bin/../lib/gcc/arm-none-eabi/7.2.1/../../../../arm-none-eabi/lib/thumb/v7e-m/fpv4-sp/hard/libcr_c.a(memcpy.o)
                0x0000000000005616                memcpy
 .text.memset   0x000000000000561a        0x4 /usr/local/mcuxpressoide-10.2.1_795/ide/tools/bin/../lib/gcc/arm-none-eabi/7.2.1/../../../../arm-none-eabi/lib/thumb/v7e-m/fpv4-sp/hard/libcr_c.a(memset.o)
                0x000000000000561a                memset
 .text._deferredlazyseek
                0x000000000000561e       0x40 /usr/local/mcuxpressoide-10.2.1_795/ide/tools/bin/../lib/gcc/arm-none-eabi/7.2.1/../../../../arm-none-eabi/lib/thumb/v7e-m/fpv4-sp/hard/libcr_c.a(_deferredlazyseek.o)
                0x000000000000561e                _deferredlazyseek
 .text.__flsbuf
                0x000000000000565e      0x140 /usr/local/mcuxpressoide-10.2.1_795/ide/tools/bin/../lib/gcc/arm-none-eabi/7.2.1/../../../../arm-none-eabi/lib/thumb/v7e-m/fpv4-sp/hard/libcr_c.a(_deferredlazyseek.o)
                0x000000000000565e                __flsbuf
 .text._fflush  0x000000000000579e       0x52 /usr/local/mcuxpressoide-10.2.1_795/ide/tools/bin/../lib/gcc/arm-none-eabi/7.2.1/../../../../arm-none-eabi/lib/thumb/v7e-m/fpv4-sp/hard/libcr_c.a(_fflush.o)
                0x000000000000579e                _fflush
 .text.free     0x00000000000057f0       0x30 /usr/local/mcuxpressoide-10.2.1_795/ide/tools/bin/../lib/gcc/arm-none-eabi/7.2.1/../../../../arm-none-eabi/lib/thumb/v7e-m/fpv4-sp/hard/libcr_c.a(alloc.o)
                0x00000000000057f0                free
 .text.fputs    0x0000000000005820       0x2c /usr/local/mcuxpressoide-10.2.1_795/ide/tools/bin/../lib/gcc/arm-none-eabi/7.2.1/../../../../arm-none-eabi/lib/thumb/v7e-m/fpv4-sp/hard/libcr_c.a(fputs.o)
                0x0000000000005820                fputs
 .text.strlen   0x000000000000584c       0x4a /usr/local/mcuxpressoide-10.2.1_795/ide/tools/bin/../lib/gcc/arm-none-eabi/7.2.1/../../../../arm-none-eabi/lib/thumb/v7e-m/fpv4-sp/hard/libcr_c.a(strlen.o)
                0x000000000000584c                strlen
 .text._fdopen  0x0000000000005896       0x68 /usr/local/mcuxpressoide-10.2.1_795/ide/tools/bin/../lib/gcc/arm-none-eabi/7.2.1/../../../../arm-none-eabi/lib/thumb/v7e-m/fpv4-sp/hard/libcr_c.a(_fdopen.o)
                0x0000000000005896                _fdopen
 .text.fclose   0x00000000000058fe       0x58 /usr/local/mcuxpressoide-10.2.1_795/ide/tools/bin/../lib/gcc/arm-none-eabi/7.2.1/../../../../arm-none-eabi/lib/thumb/v7e-m/fpv4-sp/hard/libcr_c.a(fclose.o)
                0x00000000000058fe                fclose
 .text.remove   0x0000000000005956       0x14 /usr/local/mcuxpressoide-10.2.1_795/ide/tools/bin/../lib/gcc/arm-none-eabi/7.2.1/../../../../arm-none-eabi/lib/thumb/v7e-m/fpv4-sp/hard/libcr_c.a(remove.o)
                0x0000000000005956                remove
 .text._do_fflush
                0x000000000000596a       0x40 /usr/local/mcuxpressoide-10.2.1_795/ide/tools/bin/../lib/gcc/arm-none-eabi/7.2.1/../../../../arm-none-eabi/lib/thumb/v7e-m/fpv4-sp/hard/libcr_c.a(_do_fflush.o)
                0x000000000000596a                _do_fflush
 .text.__aeabi_memcpy
                0x00000000000059aa       0x34 /usr/local/mcuxpressoide-10.2.1_795/ide/tools/bin/../lib/gcc/arm-none-eabi/7.2.1/thumb/v7e-m/fpv4-sp/hard/libcr_eabihelpers.a(memcpy.o)
                0x00000000000059aa                __aeabi_memcpy
                0x00000000000059b4                __aeabi_memcpy4
                0x00000000000059b4                __aeabi_memcpy8
 .text.__aeabi_memset_lowlevel
                0x00000000000059de       0x32 /usr/local/mcuxpressoide-10.2.1_795/ide/tools/bin/../lib/gcc/arm-none-eabi/7.2.1/thumb/v7e-m/fpv4-sp/hard/libcr_eabihelpers.a(memcpy.o)
                0x00000000000059de                __aeabi_lowlevel_memset
 .text.__sys_close
                0x0000000000005a10        0x6 /usr/local/mcuxpressoide-10.2.1_795/ide/tools/bin/../lib/gcc/arm-none-eabi/7.2.1/../../../../arm-none-eabi/lib/thumb/v7e-m/fpv4-sp/hard/libcr_nohost_nf.a(__sys_close.o)
                0x0000000000005a10                __sys_close
 .text.__sys_flen
                0x0000000000005a16        0x6 /usr/local/mcuxpressoide-10.2.1_795/ide/tools/bin/../lib/gcc/arm-none-eabi/7.2.1/../../../../arm-none-eabi/lib/thumb/v7e-m/fpv4-sp/hard/libcr_nohost_nf.a(__sys_flen.o)
                0x0000000000005a16                __sys_flen
 .text.__sys_istty
                0x0000000000005a1c        0x6 /usr/local/mcuxpressoide-10.2.1_795/ide/tools/bin/../lib/gcc/arm-none-eabi/7.2.1/../../../../arm-none-eabi/lib/thumb/v7e-m/fpv4-sp/hard/libcr_nohost_nf.a(__sys_istty.o)
                0x0000000000005a1c                __sys_istty
 .text.__sys_remove
                0x0000000000005a22        0x6 /usr/local/mcuxpressoide-10.2.1_795/ide/tools/bin/../lib/gcc/arm-none-eabi/7.2.1/../../../../arm-none-eabi/lib/thumb/v7e-m/fpv4-sp/hard/libcr_nohost_nf.a(__sys_remove.o)
                0x0000000000005a22                __sys_remove
 .text.__sys_seek
                0x0000000000005a28        0x6 /usr/local/mcuxpressoide-10.2.1_795/ide/tools/bin/../lib/gcc/arm-none-eabi/7.2.1/../../../../arm-none-eabi/lib/thumb/v7e-m/fpv4-sp/hard/libcr_nohost_nf.a(__sys_seek.o)
                0x0000000000005a28                __sys_seek
 .text.__sys_tmpnam
                0x0000000000005a2e        0x6 /usr/local/mcuxpressoide-10.2.1_795/ide/tools/bin/../lib/gcc/arm-none-eabi/7.2.1/../../../../arm-none-eabi/lib/thumb/v7e-m/fpv4-sp/hard/libcr_nohost_nf.a(__sys_tmpnam.o)
                0x0000000000005a2e                __sys_tmpnam
 .text.__sys_write
                0x0000000000005a34        0x4 /usr/local/mcuxpressoide-10.2.1_795/ide/tools/bin/../lib/gcc/arm-none-eabi/7.2.1/../../../../arm-none-eabi/lib/thumb/v7e-m/fpv4-sp/hard/libcr_nohost_nf.a(__sys_write.o)
                0x0000000000005a34                __sys_write
 *(SORT_BY_ALIGNMENT(.rodata) SORT_BY_ALIGNMENT(.rodata.*) SORT_BY_ALIGNMENT(.constdata) SORT_BY_ALIGNMENT(.constdata.*))
 .rodata        0x0000000000005a38       0x50 ./utilities/fsl_debug_console.o
 .rodata        0x0000000000005a88       0x27 ./utilities/fsl_io.o
 *fill*         0x0000000000005aaf        0x1 ff
 .rodata        0x0000000000005ab0       0x80 ./utilities/fsl_log.o
 .rodata        0x0000000000005b30      0x10a ./source/180905_Producer-Consumer.o
 *fill*         0x0000000000005c3a        0x2 ff
 .rodata        0x0000000000005c3c      0x149 ./drivers/fsl_clock.o
 *fill*         0x0000000000005d85        0x3 ff
 .rodata.fllFactorTable.7747
                0x0000000000005d88       0x10 ./drivers/fsl_clock.o
 .rodata        0x0000000000005d98      0x509 ./drivers/fsl_dspi.o
 *fill*         0x00000000000062a1        0x3 ff
 .rodata.s_uartBases
                0x00000000000062a4       0x18 ./drivers/fsl_uart.o
 .rodata.s_uartClock
                0x00000000000062bc       0x18 ./drivers/fsl_uart.o
 .rodata        0x00000000000062d4      0x513 ./drivers/fsl_uart.o
 *fill*         0x00000000000067e7        0x1 ff
 .rodata.simConfig_BOARD_BootClockRUN
                0x00000000000067e8        0x8 ./board/clock_config.o
                0x00000000000067e8                simConfig_BOARD_BootClockRUN
 .rodata        0x00000000000067f0       0x26 ./board/pin_mux.o
 *fill*         0x0000000000006816        0x2 ff
 .rodata        0x0000000000006818        0x5 ./amazon-freertos/FreeRTOS/tasks.o
 *fill*         0x000000000000681d        0x3 ff
 .rodata        0x0000000000006820        0xd ./amazon-freertos/FreeRTOS/timers.o
 *fill*         0x000000000000682d        0x3 ff
 .rodata.__num_Ciob_streams
                0x0000000000006830        0x4 /usr/local/mcuxpressoide-10.2.1_795/ide/tools/bin/../lib/gcc/arm-none-eabi/7.2.1/../../../../arm-none-eabi/lib/thumb/v7e-m/fpv4-sp/hard/libcr_nohost_nf.a(__ciob.o)
                0x0000000000006830                __num_Ciob_streams
 .rodata.__assertion_failed.str1.1
                0x0000000000006834       0x15 /usr/local/mcuxpressoide-10.2.1_795/ide/tools/bin/../lib/gcc/arm-none-eabi/7.2.1/../../../../arm-none-eabi/lib/thumb/v7e-m/fpv4-sp/hard/libcr_nohost_nf.a(_cr_assert.o)
 .rodata._Csys_alloc.str1.1
                0x0000000000006849       0x18 /usr/local/mcuxpressoide-10.2.1_795/ide/tools/bin/../lib/gcc/arm-none-eabi/7.2.1/../../../../arm-none-eabi/lib/thumb/v7e-m/fpv4-sp/hard/libcr_c.a(alloc.o)
 .rodata._initio.str1.1
                0x0000000000006861        0x4 /usr/local/mcuxpressoide-10.2.1_795/ide/tools/bin/../lib/gcc/arm-none-eabi/7.2.1/../../../../arm-none-eabi/lib/thumb/v7e-m/fpv4-sp/hard/libcr_c.a(initio.o)
                0x0000000000006868                . = ALIGN (0x8)
 *fill*         0x0000000000006865        0x3 ff

.glue_7         0x0000000000006868        0x0
 .glue_7        0x0000000000006868        0x0 linker stubs

.glue_7t        0x0000000000006868        0x0
 .glue_7t       0x0000000000006868        0x0 linker stubs

.vfp11_veneer   0x0000000000006868        0x0
 .vfp11_veneer  0x0000000000006868        0x0 linker stubs

.v4_bx          0x0000000000006868        0x0
 .v4_bx         0x0000000000006868        0x0 linker stubs

.iplt           0x0000000000006868        0x0
 .iplt          0x0000000000006868        0x0 ./utilities/fsl_debug_console.o

.rel.dyn        0x0000000000006868        0x0
 .rel.iplt      0x0000000000006868        0x0 ./utilities/fsl_debug_console.o

.ARM.extab
 *(SORT_BY_ALIGNMENT(.ARM.extab*) SORT_BY_ALIGNMENT(.gnu.linkonce.armextab.*))
                0x0000000000006868                __exidx_start = .

.ARM.exidx
 *(SORT_BY_ALIGNMENT(.ARM.exidx*) SORT_BY_ALIGNMENT(.gnu.linkonce.armexidx.*))
                0x0000000000006868                __exidx_end = .
                0x0000000000006868                _etext = .

.m_usb_data
 *(SORT_BY_ALIGNMENT(m_usb_bdt))

.data_RAM2      0x000000001fff0000        0x0 load address 0x0000000000006868
 FILL mask 0xff
                [!provide]                        PROVIDE (__start_data_RAM2, .)
 *(SORT_BY_ALIGNMENT(.ramfunc.$RAM2))
 *(SORT_BY_ALIGNMENT(.ramfunc.$SRAM_LOWER))
 *(SORT_BY_ALIGNMENT(.data.$RAM2*))
 *(SORT_BY_ALIGNMENT(.data.$SRAM_LOWER*))
                0x000000001fff0000                . = ALIGN (0x8)
                [!provide]                        PROVIDE (__end_data_RAM2, .)

.data_RAM3      0x0000000014000000        0x0 load address 0x0000000000006868
 FILL mask 0xff
                [!provide]                        PROVIDE (__start_data_RAM3, .)
 *(SORT_BY_ALIGNMENT(.ramfunc.$RAM3))
 *(SORT_BY_ALIGNMENT(.ramfunc.$FLEX_RAM))
 *(SORT_BY_ALIGNMENT(.data.$RAM3*))
 *(SORT_BY_ALIGNMENT(.data.$FLEX_RAM*))
                0x0000000014000000                . = ALIGN (0x8)
                [!provide]                        PROVIDE (__end_data_RAM3, .)

.uninit_RESERVED
                0x0000000020000000        0x0
 *(SORT_BY_ALIGNMENT(.bss.$RESERVED*))
                0x0000000020000000                . = ALIGN (0x4)
                0x0000000020000000                _end_uninit_RESERVED = .

.data           0x0000000020000000       0xf8 load address 0x0000000000006868
 FILL mask 0xff
                0x0000000020000000                _data = .
 *(SORT_BY_ALIGNMENT(vtable))
 *(SORT_BY_ALIGNMENT(.ramfunc*))
 *(SORT_BY_ALIGNMENT(.data*))
 .data.s_slowIrcFreq
                0x0000000020000000        0x4 ./drivers/fsl_clock.o
 .data.s_fastIrcFreq
                0x0000000020000004        0x4 ./drivers/fsl_clock.o
 .data.uxCriticalNesting
                0x0000000020000008        0x4 ./amazon-freertos/FreeRTOS/portable/port.o
 .data.SystemCoreClock
                0x000000002000000c        0x4 ./CMSIS/system_MK64F12.o
                0x000000002000000c                SystemCoreClock
 .data._random_j
                0x0000000020000010        0x4 /usr/local/mcuxpressoide-10.2.1_795/ide/tools/bin/../lib/gcc/arm-none-eabi/7.2.1/../../../../arm-none-eabi/lib/thumb/v7e-m/fpv4-sp/hard/libcr_c.a(stdlib.o)
 .data._random_k
                0x0000000020000014        0x4 /usr/local/mcuxpressoide-10.2.1_795/ide/tools/bin/../lib/gcc/arm-none-eabi/7.2.1/../../../../arm-none-eabi/lib/thumb/v7e-m/fpv4-sp/hard/libcr_c.a(stdlib.o)
 .data._random_number_seed
                0x0000000020000018       0xdc /usr/local/mcuxpressoide-10.2.1_795/ide/tools/bin/../lib/gcc/arm-none-eabi/7.2.1/../../../../arm-none-eabi/lib/thumb/v7e-m/fpv4-sp/hard/libcr_c.a(stdlib.o)
                0x00000000200000f8                . = ALIGN (0x8)
 *fill*         0x00000000200000f4        0x4 ff
                0x00000000200000f8                _edata = .

.igot.plt       0x00000000200000f8        0x0 load address 0x0000000000006960
 .igot.plt      0x00000000200000f8        0x0 ./utilities/fsl_debug_console.o

.bss_RAM2       0x000000001fff0000        0x0
                [!provide]                        PROVIDE (__start_bss_RAM2, .)
 *(SORT_BY_ALIGNMENT(.bss.$RAM2*))
 *(SORT_BY_ALIGNMENT(.bss.$SRAM_LOWER*))
                0x000000001fff0000                . = ALIGN ((. != 0x0)?0x8:0x1)
                [!provide]                        PROVIDE (__end_bss_RAM2, .)

.bss_RAM3       0x0000000014000000        0x0
                [!provide]                        PROVIDE (__start_bss_RAM3, .)
 *(SORT_BY_ALIGNMENT(.bss.$RAM3*))
 *(SORT_BY_ALIGNMENT(.bss.$FLEX_RAM*))
                0x0000000014000000                . = ALIGN ((. != 0x0)?0x8:0x1)
                [!provide]                        PROVIDE (__end_bss_RAM3, .)

.bss            0x00000000200000f8     0x2ad0
                0x00000000200000f8                _bss = .
 *(SORT_BY_ALIGNMENT(.bss*))
 .bss.s_debugConsoleIO
                0x00000000200000f8        0x8 ./utilities/fsl_io.o
 .bss.args.9081
                0x0000000020000100       0x18 ./source/180905_Producer-Consumer.o
 .bss.g_xtal0Freq
                0x0000000020000118        0x4 ./drivers/fsl_clock.o
                0x0000000020000118                g_xtal0Freq
 .bss.g_xtal32Freq
                0x000000002000011c        0x4 ./drivers/fsl_clock.o
                0x000000002000011c                g_xtal32Freq
 .bss.g_dspiHandle
                0x0000000020000120        0xc ./drivers/fsl_dspi.o
 .bss.s_dspiMasterIsr
                0x000000002000012c        0x4 ./drivers/fsl_dspi.o
 .bss.s_dspiSlaveIsr
                0x0000000020000130        0x4 ./drivers/fsl_dspi.o
 .bss.s_i2cHandle
                0x0000000020000134        0xc ./drivers/fsl_i2c.o
 .bss.s_i2cMasterIsr
                0x0000000020000140        0x4 ./drivers/fsl_i2c.o
 .bss.s_i2cSlaveIsr
                0x0000000020000144        0x4 ./drivers/fsl_i2c.o
 .bss.s_uartHandle
                0x0000000020000148       0x18 ./drivers/fsl_uart.o
 .bss.s_uartIsr
                0x0000000020000160        0x4 ./drivers/fsl_uart.o
 .bss.ucHeap    0x0000000020000164     0x2800 ./amazon-freertos/portable/heap_4.o
 .bss.xStart    0x0000000020002964        0x8 ./amazon-freertos/portable/heap_4.o
 .bss.pxEnd     0x000000002000296c        0x4 ./amazon-freertos/portable/heap_4.o
 .bss.xFreeBytesRemaining
                0x0000000020002970        0x4 ./amazon-freertos/portable/heap_4.o
 .bss.xMinimumEverFreeBytesRemaining
                0x0000000020002974        0x4 ./amazon-freertos/portable/heap_4.o
 .bss.xBlockAllocatedBit
                0x0000000020002978        0x4 ./amazon-freertos/portable/heap_4.o
 .bss.ulMaxPRIGROUPValue
                0x000000002000297c        0x4 ./amazon-freertos/FreeRTOS/portable/port.o
 .bss.xQueueRegistry
                0x0000000020002980       0x40 ./amazon-freertos/FreeRTOS/queue.o
                0x0000000020002980                xQueueRegistry
 .bss.pxCurrentTCB
                0x00000000200029c0        0x4 ./amazon-freertos/FreeRTOS/tasks.o
                0x00000000200029c0                pxCurrentTCB
 .bss.pxReadyTasksLists
                0x00000000200029c4       0x64 ./amazon-freertos/FreeRTOS/tasks.o
 .bss.xDelayedTaskList1
                0x0000000020002a28       0x14 ./amazon-freertos/FreeRTOS/tasks.o
 .bss.xDelayedTaskList2
                0x0000000020002a3c       0x14 ./amazon-freertos/FreeRTOS/tasks.o
 .bss.pxDelayedTaskList
                0x0000000020002a50        0x4 ./amazon-freertos/FreeRTOS/tasks.o
 .bss.pxOverflowDelayedTaskList
                0x0000000020002a54        0x4 ./amazon-freertos/FreeRTOS/tasks.o
 .bss.xPendingReadyList
                0x0000000020002a58       0x14 ./amazon-freertos/FreeRTOS/tasks.o
 .bss.xTasksWaitingTermination
                0x0000000020002a6c       0x14 ./amazon-freertos/FreeRTOS/tasks.o
 .bss.uxDeletedTasksWaitingCleanUp
                0x0000000020002a80        0x4 ./amazon-freertos/FreeRTOS/tasks.o
 .bss.xSuspendedTaskList
                0x0000000020002a84       0x14 ./amazon-freertos/FreeRTOS/tasks.o
 .bss.uxCurrentNumberOfTasks
                0x0000000020002a98        0x4 ./amazon-freertos/FreeRTOS/tasks.o
 .bss.xTickCount
                0x0000000020002a9c        0x4 ./amazon-freertos/FreeRTOS/tasks.o
 .bss.uxTopReadyPriority
                0x0000000020002aa0        0x4 ./amazon-freertos/FreeRTOS/tasks.o
 .bss.xSchedulerRunning
                0x0000000020002aa4        0x4 ./amazon-freertos/FreeRTOS/tasks.o
 .bss.uxPendedTicks
                0x0000000020002aa8        0x4 ./amazon-freertos/FreeRTOS/tasks.o
 .bss.xYieldPending
                0x0000000020002aac        0x4 ./amazon-freertos/FreeRTOS/tasks.o
 .bss.xNumOfOverflows
                0x0000000020002ab0        0x4 ./amazon-freertos/FreeRTOS/tasks.o
 .bss.uxTaskNumber
                0x0000000020002ab4        0x4 ./amazon-freertos/FreeRTOS/tasks.o
 .bss.xNextTaskUnblockTime
                0x0000000020002ab8        0x4 ./amazon-freertos/FreeRTOS/tasks.o
 .bss.xIdleTaskHandle
                0x0000000020002abc        0x4 ./amazon-freertos/FreeRTOS/tasks.o
 .bss.uxSchedulerSuspended
                0x0000000020002ac0        0x4 ./amazon-freertos/FreeRTOS/tasks.o
 .bss.xActiveTimerList1
                0x0000000020002ac4       0x14 ./amazon-freertos/FreeRTOS/timers.o
 .bss.xActiveTimerList2
                0x0000000020002ad8       0x14 ./amazon-freertos/FreeRTOS/timers.o
 .bss.pxCurrentTimerList
                0x0000000020002aec        0x4 ./amazon-freertos/FreeRTOS/timers.o
 .bss.pxOverflowTimerList
                0x0000000020002af0        0x4 ./amazon-freertos/FreeRTOS/timers.o
 .bss.xTimerQueue
                0x0000000020002af4        0x4 ./amazon-freertos/FreeRTOS/timers.o
 .bss.xTimerTaskHandle
                0x0000000020002af8        0x4 ./amazon-freertos/FreeRTOS/timers.o
 .bss.xLastTime.5854
                0x0000000020002afc        0x4 ./amazon-freertos/FreeRTOS/timers.o
 .bss.__Ciob    0x0000000020002b00       0xb4 /usr/local/mcuxpressoide-10.2.1_795/ide/tools/bin/../lib/gcc/arm-none-eabi/7.2.1/../../../../arm-none-eabi/lib/thumb/v7e-m/fpv4-sp/hard/libcr_nohost_nf.a(__ciob.o)
                0x0000000020002b00                __Ciob
 .bss.__end_of_heap
                0x0000000020002bb4        0x4 /usr/local/mcuxpressoide-10.2.1_795/ide/tools/bin/../lib/gcc/arm-none-eabi/7.2.1/../../../../arm-none-eabi/lib/thumb/v7e-m/fpv4-sp/hard/libcr_c.a(__init_alloc.o)
                0x0000000020002bb4                __end_of_heap
 .bss.__heaps   0x0000000020002bb8        0x4 /usr/local/mcuxpressoide-10.2.1_795/ide/tools/bin/../lib/gcc/arm-none-eabi/7.2.1/../../../../arm-none-eabi/lib/thumb/v7e-m/fpv4-sp/hard/libcr_c.a(__init_alloc.o)
                0x0000000020002bb8                __heaps
 .bss.errno     0x0000000020002bbc        0x4 /usr/local/mcuxpressoide-10.2.1_795/ide/tools/bin/../lib/gcc/arm-none-eabi/7.2.1/../../../../arm-none-eabi/lib/thumb/v7e-m/fpv4-sp/hard/libcr_c.a(errno.o)
                0x0000000020002bbc                errno
 .bss.ucMaxSysCallPriority
                0x0000000020002bc0        0x1 ./amazon-freertos/FreeRTOS/portable/port.o
 *(SORT_BY_ALIGNMENT(COMMON))
                0x0000000020002bc8                . = ALIGN (0x8)
 *fill*         0x0000000020002bc1        0x7 
                0x0000000020002bc8                _ebss = .
                [!provide]                        PROVIDE (end, .)

.noinit_RAM2    0x000000001fff0000        0x0
 *(SORT_BY_ALIGNMENT(.noinit.$RAM2*))
 *(SORT_BY_ALIGNMENT(.noinit.$SRAM_LOWER*))
                0x000000001fff0000                . = ALIGN (0x8)

.noinit_RAM3    0x0000000014000000        0x0
 *(SORT_BY_ALIGNMENT(.noinit.$RAM3*))
 *(SORT_BY_ALIGNMENT(.noinit.$FLEX_RAM*))
                0x0000000014000000                . = ALIGN (0x8)

.noinit         0x0000000020002bc8        0x0
                0x0000000020002bc8                _noinit = .
 *(SORT_BY_ALIGNMENT(.noinit*))
                0x0000000020002bc8                . = ALIGN (0x8)
                0x0000000020002bc8                _end_noinit = .
                0x0000000000001000                _HeapSize = 0x1000

.heap           0x0000000020002bc8     0x1000
                0x0000000020002bc8                _pvHeapStart = .
                0x0000000020003bc8                . = (. + _HeapSize)
 *fill*         0x0000000020002bc8     0x1000 
                0x0000000020003bc8                . = ALIGN (0x8)
                0x0000000020003bc8                _pvHeapLimit = .
                0x0000000000001000                _StackSize = 0x1000

.heap2stackfill
                0x0000000020003bc8     0x1000
                0x0000000020004bc8                . = (. + _StackSize)
 *fill*         0x0000000020003bc8     0x1000 

.stack          0x000000002002f000        0x0
                0x000000002002f000                _vStackBase = .
                0x000000002002f000                . = ALIGN (0x8)
                0x0000000020030000                _vStackTop = (. + _StackSize)
                0x0000000000000000                _image_start = LOADADDR (.text)
                0x0000000000006960                _image_end = (LOADADDR (.data) + SIZEOF (.data))
                0x0000000000006960                _image_size = (_image_end - _image_start)
OUTPUT(180905_Producer-Consumer.axf elf32-littlearm)

.debug_info     0x0000000000000000    0x1276b
 .debug_info    0x0000000000000000      0x374 ./utilities/fsl_debug_console.o
 .debug_info    0x0000000000000374      0x824 ./utilities/fsl_io.o
 .debug_info    0x0000000000000b98      0x348 ./utilities/fsl_log.o
 .debug_info    0x0000000000000ee0      0x534 ./utilities/fsl_str.o
 .debug_info    0x0000000000001414      0x8b0 ./startup/startup_mk64f12.o
 .debug_info    0x0000000000001cc4      0xa63 ./source/180905_Producer-Consumer.o
 .debug_info    0x0000000000002727       0x3b ./source/semihost_hardfault.o
 .debug_info    0x0000000000002762     0x1e9f ./drivers/fsl_clock.o
 .debug_info    0x0000000000004601     0x22cd ./drivers/fsl_dspi.o
 .debug_info    0x00000000000068ce     0x1c33 ./drivers/fsl_i2c.o
 .debug_info    0x0000000000008501     0x19df ./drivers/fsl_uart.o
 .debug_info    0x0000000000009ee0      0x613 ./board/board.o
 .debug_info    0x000000000000a4f3      0x980 ./board/clock_config.o
 .debug_info    0x000000000000ae73      0xc87 ./board/peripherals.o
 .debug_info    0x000000000000bafa      0xc1f ./board/pin_mux.o
 .debug_info    0x000000000000c719       0xe5 ./amazon-freertos/portable/fsl_tickless_systick.o
 .debug_info    0x000000000000c7fe      0x3ea ./amazon-freertos/portable/heap_4.o
 .debug_info    0x000000000000cbe8      0x52e ./amazon-freertos/FreeRTOS/portable/port.o
 .debug_info    0x000000000000d116      0x9cd ./amazon-freertos/FreeRTOS/event_groups.o
 .debug_info    0x000000000000dae3      0x2c9 ./amazon-freertos/FreeRTOS/list.o
 .debug_info    0x000000000000ddac     0x1690 ./amazon-freertos/FreeRTOS/queue.o
 .debug_info    0x000000000000f43c     0x1f59 ./amazon-freertos/FreeRTOS/tasks.o
 .debug_info    0x0000000000011395      0xda5 ./amazon-freertos/FreeRTOS/timers.o
 .debug_info    0x000000000001213a      0x631 ./CMSIS/system_MK64F12.o

.debug_abbrev   0x0000000000000000     0x3011
 .debug_abbrev  0x0000000000000000      0x179 ./utilities/fsl_debug_console.o
 .debug_abbrev  0x0000000000000179      0x220 ./utilities/fsl_io.o
 .debug_abbrev  0x0000000000000399      0x180 ./utilities/fsl_log.o
 .debug_abbrev  0x0000000000000519      0x197 ./utilities/fsl_str.o
 .debug_abbrev  0x00000000000006b0      0x15c ./startup/startup_mk64f12.o
 .debug_abbrev  0x000000000000080c      0x1d4 ./source/180905_Producer-Consumer.o
 .debug_abbrev  0x00000000000009e0       0x2f ./source/semihost_hardfault.o
 .debug_abbrev  0x0000000000000a0f      0x321 ./drivers/fsl_clock.o
 .debug_abbrev  0x0000000000000d30      0x33e ./drivers/fsl_dspi.o
 .debug_abbrev  0x000000000000106e      0x34f ./drivers/fsl_i2c.o
 .debug_abbrev  0x00000000000013bd      0x303 ./drivers/fsl_uart.o
 .debug_abbrev  0x00000000000016c0      0x13e ./board/board.o
 .debug_abbrev  0x00000000000017fe      0x1f4 ./board/clock_config.o
 .debug_abbrev  0x00000000000019f2      0x22f ./board/peripherals.o
 .debug_abbrev  0x0000000000001c21      0x293 ./board/pin_mux.o
 .debug_abbrev  0x0000000000001eb4       0x92 ./amazon-freertos/portable/fsl_tickless_systick.o
 .debug_abbrev  0x0000000000001f46      0x1e8 ./amazon-freertos/portable/heap_4.o
 .debug_abbrev  0x000000000000212e      0x24c ./amazon-freertos/FreeRTOS/portable/port.o
 .debug_abbrev  0x000000000000237a      0x23e ./amazon-freertos/FreeRTOS/event_groups.o
 .debug_abbrev  0x00000000000025b8      0x119 ./amazon-freertos/FreeRTOS/list.o
 .debug_abbrev  0x00000000000026d1      0x2b6 ./amazon-freertos/FreeRTOS/queue.o
 .debug_abbrev  0x0000000000002987      0x2e0 ./amazon-freertos/FreeRTOS/tasks.o
 .debug_abbrev  0x0000000000002c67      0x256 ./amazon-freertos/FreeRTOS/timers.o
 .debug_abbrev  0x0000000000002ebd      0x154 ./CMSIS/system_MK64F12.o

.debug_aranges  0x0000000000000000     0x12e0
 .debug_aranges
                0x0000000000000000       0x58 ./utilities/fsl_debug_console.o
 .debug_aranges
                0x0000000000000058       0x48 ./utilities/fsl_io.o
 .debug_aranges
                0x00000000000000a0       0x58 ./utilities/fsl_log.o
 .debug_aranges
                0x00000000000000f8       0x38 ./utilities/fsl_str.o
 .debug_aranges
                0x0000000000000130      0x330 ./startup/startup_mk64f12.o
 .debug_aranges
                0x0000000000000460       0x48 ./source/180905_Producer-Consumer.o
 .debug_aranges
                0x00000000000004a8       0x20 ./source/semihost_hardfault.o
 .debug_aranges
                0x00000000000004c8      0x1e8 ./drivers/fsl_clock.o
 .debug_aranges
                0x00000000000006b0      0x1d0 ./drivers/fsl_dspi.o
 .debug_aranges
                0x0000000000000880      0x180 ./drivers/fsl_i2c.o
 .debug_aranges
                0x0000000000000a00      0x170 ./drivers/fsl_uart.o
 .debug_aranges
                0x0000000000000b70       0x20 ./board/board.o
 .debug_aranges
                0x0000000000000b90       0x50 ./board/clock_config.o
 .debug_aranges
                0x0000000000000be0       0x98 ./board/peripherals.o
 .debug_aranges
                0x0000000000000c78       0x88 ./board/pin_mux.o
 .debug_aranges
                0x0000000000000d00       0x20 ./amazon-freertos/portable/fsl_tickless_systick.o
 .debug_aranges
                0x0000000000000d20       0x50 ./amazon-freertos/portable/heap_4.o
 .debug_aranges
                0x0000000000000d70       0x78 ./amazon-freertos/FreeRTOS/portable/port.o
 .debug_aranges
                0x0000000000000de8       0x88 ./amazon-freertos/FreeRTOS/event_groups.o
 .debug_aranges
                0x0000000000000e70       0x40 ./amazon-freertos/FreeRTOS/list.o
 .debug_aranges
                0x0000000000000eb0      0x130 ./amazon-freertos/FreeRTOS/queue.o
 .debug_aranges
                0x0000000000000fe0      0x1f8 ./amazon-freertos/FreeRTOS/tasks.o
 .debug_aranges
                0x00000000000011d8       0xd8 ./amazon-freertos/FreeRTOS/timers.o
 .debug_aranges
                0x00000000000012b0       0x30 ./CMSIS/system_MK64F12.o

.debug_ranges   0x0000000000000000     0x1160
 .debug_ranges  0x0000000000000000       0x48 ./utilities/fsl_debug_console.o
 .debug_ranges  0x0000000000000048       0x38 ./utilities/fsl_io.o
 .debug_ranges  0x0000000000000080       0x48 ./utilities/fsl_log.o
 .debug_ranges  0x00000000000000c8       0x28 ./utilities/fsl_str.o
 .debug_ranges  0x00000000000000f0      0x320 ./startup/startup_mk64f12.o
 .debug_ranges  0x0000000000000410       0x38 ./source/180905_Producer-Consumer.o
 .debug_ranges  0x0000000000000448       0x10 ./source/semihost_hardfault.o
 .debug_ranges  0x0000000000000458      0x1d8 ./drivers/fsl_clock.o
 .debug_ranges  0x0000000000000630      0x1c0 ./drivers/fsl_dspi.o
 .debug_ranges  0x00000000000007f0      0x170 ./drivers/fsl_i2c.o
 .debug_ranges  0x0000000000000960      0x160 ./drivers/fsl_uart.o
 .debug_ranges  0x0000000000000ac0       0x10 ./board/board.o
 .debug_ranges  0x0000000000000ad0       0x40 ./board/clock_config.o
 .debug_ranges  0x0000000000000b10       0x88 ./board/peripherals.o
 .debug_ranges  0x0000000000000b98       0x78 ./board/pin_mux.o
 .debug_ranges  0x0000000000000c10       0x10 ./amazon-freertos/portable/fsl_tickless_systick.o
 .debug_ranges  0x0000000000000c20       0x40 ./amazon-freertos/portable/heap_4.o
 .debug_ranges  0x0000000000000c60       0x68 ./amazon-freertos/FreeRTOS/portable/port.o
 .debug_ranges  0x0000000000000cc8       0x78 ./amazon-freertos/FreeRTOS/event_groups.o
 .debug_ranges  0x0000000000000d40       0x30 ./amazon-freertos/FreeRTOS/list.o
 .debug_ranges  0x0000000000000d70      0x120 ./amazon-freertos/FreeRTOS/queue.o
 .debug_ranges  0x0000000000000e90      0x1e8 ./amazon-freertos/FreeRTOS/tasks.o
 .debug_ranges  0x0000000000001078       0xc8 ./amazon-freertos/FreeRTOS/timers.o
 .debug_ranges  0x0000000000001140       0x20 ./CMSIS/system_MK64F12.o

.debug_macro    0x0000000000000000    0x145fe
 .debug_macro   0x0000000000000000      0x127 ./utilities/fsl_debug_console.o
 .debug_macro   0x0000000000000127      0xa9c ./utilities/fsl_debug_console.o
 .debug_macro   0x0000000000000bc3       0x10 ./utilities/fsl_debug_console.o
 .debug_macro   0x0000000000000bd3       0x16 ./utilities/fsl_debug_console.o
 .debug_macro   0x0000000000000be9       0x10 ./utilities/fsl_debug_console.o
 .debug_macro   0x0000000000000bf9      0x12d ./utilities/fsl_debug_console.o
 .debug_macro   0x0000000000000d26       0x28 ./utilities/fsl_debug_console.o
 .debug_macro   0x0000000000000d4e       0x16 ./utilities/fsl_debug_console.o
 .debug_macro   0x0000000000000d64       0x22 ./utilities/fsl_debug_console.o
 .debug_macro   0x0000000000000d86      0x5b2 ./utilities/fsl_debug_console.o
 .debug_macro   0x0000000000001338       0x10 ./utilities/fsl_debug_console.o
 .debug_macro   0x0000000000001348       0x5c ./utilities/fsl_debug_console.o
 .debug_macro   0x00000000000013a4       0x1c ./utilities/fsl_debug_console.o
 .debug_macro   0x00000000000013c0       0x22 ./utilities/fsl_debug_console.o
 .debug_macro   0x00000000000013e2       0xdf ./utilities/fsl_debug_console.o
 .debug_macro   0x00000000000014c1      0xecf ./utilities/fsl_debug_console.o
 .debug_macro   0x0000000000002390       0x48 ./utilities/fsl_debug_console.o
 .debug_macro   0x00000000000023d8     0xe07b ./utilities/fsl_debug_console.o
 .debug_macro   0x0000000000010453     0x1220 ./utilities/fsl_debug_console.o
 .debug_macro   0x0000000000011673       0x52 ./utilities/fsl_debug_console.o
 .debug_macro   0x00000000000116c5      0x171 ./utilities/fsl_debug_console.o
 .debug_macro   0x0000000000011836       0x74 ./utilities/fsl_debug_console.o
 .debug_macro   0x00000000000118aa       0x1c ./utilities/fsl_debug_console.o
 .debug_macro   0x00000000000118c6       0x50 ./utilities/fsl_debug_console.o
 .debug_macro   0x0000000000011916      0x115 ./utilities/fsl_io.o
 .debug_macro   0x0000000000011a2b       0x1c ./utilities/fsl_io.o
 .debug_macro   0x0000000000011a47       0x22 ./utilities/fsl_io.o
 .debug_macro   0x0000000000011a69       0x10 ./utilities/fsl_io.o
 .debug_macro   0x0000000000011a79      0x1d8 ./utilities/fsl_log.o
 .debug_macro   0x0000000000011c51      0x189 ./utilities/fsl_log.o
 .debug_macro   0x0000000000011dda      0x15a ./utilities/fsl_log.o
 .debug_macro   0x0000000000011f34       0xdd ./utilities/fsl_log.o
 .debug_macro   0x0000000000012011       0x10 ./utilities/fsl_log.o
 .debug_macro   0x0000000000012021       0x1f ./utilities/fsl_log.o
 .debug_macro   0x0000000000012040      0x3f4 ./utilities/fsl_log.o
 .debug_macro   0x0000000000012434       0xb5 ./utilities/fsl_log.o
 .debug_macro   0x00000000000124e9       0x8c ./utilities/fsl_log.o
 .debug_macro   0x0000000000012575       0x86 ./utilities/fsl_log.o
 .debug_macro   0x00000000000125fb       0x7e ./utilities/fsl_log.o
 .debug_macro   0x0000000000012679      0x118 ./utilities/fsl_str.o
 .debug_macro   0x0000000000012791       0xc4 ./utilities/fsl_str.o
 .debug_macro   0x0000000000012855       0x1c ./utilities/fsl_str.o
 .debug_macro   0x0000000000012871       0x29 ./startup/startup_mk64f12.o
 .debug_macro   0x000000000001289a      0x269 ./source/180905_Producer-Consumer.o
 .debug_macro   0x0000000000012b03       0xd8 ./source/180905_Producer-Consumer.o
 .debug_macro   0x0000000000012bdb       0x10 ./source/180905_Producer-Consumer.o
 .debug_macro   0x0000000000012beb       0x10 ./source/180905_Producer-Consumer.o
 .debug_macro   0x0000000000012bfb      0x1fc ./source/180905_Producer-Consumer.o
 .debug_macro   0x0000000000012df7       0x16 ./source/180905_Producer-Consumer.o
 .debug_macro   0x0000000000012e0d       0x1c ./source/180905_Producer-Consumer.o
 .debug_macro   0x0000000000012e29       0x64 ./source/180905_Producer-Consumer.o
 .debug_macro   0x0000000000012e8d      0x1d2 ./source/180905_Producer-Consumer.o
 .debug_macro   0x000000000001305f       0x22 ./source/180905_Producer-Consumer.o
 .debug_macro   0x0000000000013081       0x91 ./source/180905_Producer-Consumer.o
 .debug_macro   0x0000000000013112       0x11 ./source/semihost_hardfault.o
 .debug_macro   0x0000000000013123      0x1bf ./drivers/fsl_clock.o
 .debug_macro   0x00000000000132e2      0x108 ./drivers/fsl_dspi.o
 .debug_macro   0x00000000000133ea       0x3a ./drivers/fsl_dspi.o
 .debug_macro   0x0000000000013424      0x108 ./drivers/fsl_i2c.o
 .debug_macro   0x000000000001352c       0x16 ./drivers/fsl_i2c.o
 .debug_macro   0x0000000000013542      0x10f ./drivers/fsl_uart.o
 .debug_macro   0x0000000000013651      0x123 ./board/board.o
 .debug_macro   0x0000000000013774      0x146 ./board/clock_config.o
 .debug_macro   0x00000000000138ba      0x12a ./board/peripherals.o
 .debug_macro   0x00000000000139e4      0x112 ./board/pin_mux.o
 .debug_macro   0x0000000000013af6       0xbc ./amazon-freertos/portable/fsl_tickless_systick.o
 .debug_macro   0x0000000000013bb2       0x16 ./amazon-freertos/portable/fsl_tickless_systick.o
 .debug_macro   0x0000000000013bc8      0x189 ./amazon-freertos/portable/fsl_tickless_systick.o
 .debug_macro   0x0000000000013d51       0x7c ./amazon-freertos/portable/fsl_tickless_systick.o
 .debug_macro   0x0000000000013dcd       0xdf ./amazon-freertos/portable/heap_4.o
 .debug_macro   0x0000000000013eac      0x134 ./amazon-freertos/FreeRTOS/portable/port.o
 .debug_macro   0x0000000000013fe0      0x113 ./amazon-freertos/FreeRTOS/event_groups.o
 .debug_macro   0x00000000000140f3       0xb8 ./amazon-freertos/FreeRTOS/list.o
 .debug_macro   0x00000000000141ab      0x121 ./amazon-freertos/FreeRTOS/queue.o
 .debug_macro   0x00000000000142cc      0x18f ./amazon-freertos/FreeRTOS/tasks.o
 .debug_macro   0x000000000001445b       0x10 ./amazon-freertos/FreeRTOS/tasks.o
 .debug_macro   0x000000000001446b       0xfb ./amazon-freertos/FreeRTOS/timers.o
 .debug_macro   0x0000000000014566       0x98 ./CMSIS/system_MK64F12.o

.debug_line     0x0000000000000000     0x8411
 .debug_line    0x0000000000000000      0x322 ./utilities/fsl_debug_console.o
 .debug_line    0x0000000000000322      0x2e4 ./utilities/fsl_io.o
 .debug_line    0x0000000000000606      0x405 ./utilities/fsl_log.o
 .debug_line    0x0000000000000a0b      0x51a ./utilities/fsl_str.o
 .debug_line    0x0000000000000f25      0x6d4 ./startup/startup_mk64f12.o
 .debug_line    0x00000000000015f9      0x4d4 ./source/180905_Producer-Consumer.o
 .debug_line    0x0000000000001acd       0x54 ./source/semihost_hardfault.o
 .debug_line    0x0000000000001b21      0x9ea ./drivers/fsl_clock.o
 .debug_line    0x000000000000250b      0xb47 ./drivers/fsl_dspi.o
 .debug_line    0x0000000000003052      0xa13 ./drivers/fsl_i2c.o
 .debug_line    0x0000000000003a65      0xa0a ./drivers/fsl_uart.o
 .debug_line    0x000000000000446f      0x24b ./board/board.o
 .debug_line    0x00000000000046ba      0x2ae ./board/clock_config.o
 .debug_line    0x0000000000004968      0x37a ./board/peripherals.o
 .debug_line    0x0000000000004ce2      0x3c0 ./board/pin_mux.o
 .debug_line    0x00000000000050a2      0x229 ./amazon-freertos/portable/fsl_tickless_systick.o
 .debug_line    0x00000000000052cb      0x343 ./amazon-freertos/portable/heap_4.o
 .debug_line    0x000000000000560e      0x409 ./amazon-freertos/FreeRTOS/portable/port.o
 .debug_line    0x0000000000005a17      0x4de ./amazon-freertos/FreeRTOS/event_groups.o
 .debug_line    0x0000000000005ef5      0x26e ./amazon-freertos/FreeRTOS/list.o
 .debug_line    0x0000000000006163      0xb8f ./amazon-freertos/FreeRTOS/queue.o
 .debug_line    0x0000000000006cf2      0xf25 ./amazon-freertos/FreeRTOS/tasks.o
 .debug_line    0x0000000000007c17      0x5e1 ./amazon-freertos/FreeRTOS/timers.o
 .debug_line    0x00000000000081f8      0x219 ./CMSIS/system_MK64F12.o

.debug_str      0x0000000000000000    0x8a2cb
 .debug_str     0x0000000000000000    0x78f61 ./utilities/fsl_debug_console.o
                                      0x7904e (size before relaxing)
 .debug_str     0x0000000000078f61      0xa43 ./utilities/fsl_io.o
                                      0x79898 (size before relaxing)
 .debug_str     0x00000000000799a4     0x4af3 ./utilities/fsl_log.o
                                      0x7d98f (size before relaxing)
 .debug_str     0x000000000007e497      0x68d ./utilities/fsl_str.o
                                      0x794e1 (size before relaxing)
 .debug_str     0x000000000007eb24      0x7c2 ./startup/startup_mk64f12.o
                                       0x3662 (size before relaxing)
 .debug_str     0x000000000007f2e6     0x289d ./source/180905_Producer-Consumer.o
                                      0x80060 (size before relaxing)
 .debug_str     0x0000000000081b83       0x1f ./source/semihost_hardfault.o
                                       0x2df3 (size before relaxing)
 .debug_str     0x0000000000081ba2     0x1a60 ./drivers/fsl_clock.o
                                      0x7afa9 (size before relaxing)
 .debug_str     0x0000000000083602     0x1897 ./drivers/fsl_dspi.o
                                      0x7ae8e (size before relaxing)
 .debug_str     0x0000000000084e99      0xb78 ./drivers/fsl_i2c.o
                                      0x7a741 (size before relaxing)
 .debug_str     0x0000000000085a11      0x9b9 ./drivers/fsl_uart.o
                                      0x7a899 (size before relaxing)
 .debug_str     0x00000000000863ca       0x37 ./board/board.o
                                      0x79e5d (size before relaxing)
 .debug_str     0x0000000000086401      0x2eb ./board/clock_config.o
                                      0x7995e (size before relaxing)
 .debug_str     0x00000000000866ec      0x161 ./board/peripherals.o
                                      0x7a068 (size before relaxing)
 .debug_str     0x000000000008684d      0x750 ./board/pin_mux.o
                                      0x79e22 (size before relaxing)
 .debug_str     0x0000000000086f9d      0x3dd ./amazon-freertos/portable/fsl_tickless_systick.o
                                       0x83b7 (size before relaxing)
 .debug_str     0x000000000008737a      0x2ad ./amazon-freertos/portable/heap_4.o
                                       0x82fb (size before relaxing)
 .debug_str     0x0000000000087627      0x57e ./amazon-freertos/FreeRTOS/portable/port.o
                                       0x8967 (size before relaxing)
 .debug_str     0x0000000000087ba5      0x458 ./amazon-freertos/FreeRTOS/event_groups.o